Archive member included to satisfy reference by file (symbol)

/Applications/STM32CubeIDE.app/Contents/Eclipse/plugins/com.st.stm32cube.ide.mcu.externaltools.gnu-tools-for-stm32.11.3.rel1.macos64_1.1.0.202305231506/tools/bin/../lib/gcc/arm-none-eabi/11.3.1/../../../../arm-none-eabi/lib/thumb/v7e-m/nofp/libc_nano.a(libc_a-exit.o)
                              /Applications/STM32CubeIDE.app/Contents/Eclipse/plugins/com.st.stm32cube.ide.mcu.externaltools.gnu-tools-for-stm32.11.3.rel1.macos64_1.1.0.202305231506/tools/bin/../lib/gcc/arm-none-eabi/11.3.1/../../../../arm-none-eabi/lib/thumb/v7e-m/nofp/crt0.o (exit)
/Applications/STM32CubeIDE.app/Contents/Eclipse/plugins/com.st.stm32cube.ide.mcu.externaltools.gnu-tools-for-stm32.11.3.rel1.macos64_1.1.0.202305231506/tools/bin/../lib/gcc/arm-none-eabi/11.3.1/../../../../arm-none-eabi/lib/thumb/v7e-m/nofp/libc_nano.a(libc_a-findfp.o)
                              /Applications/STM32CubeIDE.app/Contents/Eclipse/plugins/com.st.stm32cube.ide.mcu.externaltools.gnu-tools-for-stm32.11.3.rel1.macos64_1.1.0.202305231506/tools/bin/../lib/gcc/arm-none-eabi/11.3.1/../../../../arm-none-eabi/lib/thumb/v7e-m/nofp/libc_nano.a(libc_a-exit.o) (__stdio_exit_handler)
/Applications/STM32CubeIDE.app/Contents/Eclipse/plugins/com.st.stm32cube.ide.mcu.externaltools.gnu-tools-for-stm32.11.3.rel1.macos64_1.1.0.202305231506/tools/bin/../lib/gcc/arm-none-eabi/11.3.1/../../../../arm-none-eabi/lib/thumb/v7e-m/nofp/libc_nano.a(libc_a-fwalk.o)
                              /Applications/STM32CubeIDE.app/Contents/Eclipse/plugins/com.st.stm32cube.ide.mcu.externaltools.gnu-tools-for-stm32.11.3.rel1.macos64_1.1.0.202305231506/tools/bin/../lib/gcc/arm-none-eabi/11.3.1/../../../../arm-none-eabi/lib/thumb/v7e-m/nofp/libc_nano.a(libc_a-findfp.o) (_fwalk_sglue)
/Applications/STM32CubeIDE.app/Contents/Eclipse/plugins/com.st.stm32cube.ide.mcu.externaltools.gnu-tools-for-stm32.11.3.rel1.macos64_1.1.0.202305231506/tools/bin/../lib/gcc/arm-none-eabi/11.3.1/../../../../arm-none-eabi/lib/thumb/v7e-m/nofp/libc_nano.a(libc_a-vsnprintf.o)
                              ./Core/Src/com_debug.o (vsnprintf)
/Applications/STM32CubeIDE.app/Contents/Eclipse/plugins/com.st.stm32cube.ide.mcu.externaltools.gnu-tools-for-stm32.11.3.rel1.macos64_1.1.0.202305231506/tools/bin/../lib/gcc/arm-none-eabi/11.3.1/../../../../arm-none-eabi/lib/thumb/v7e-m/nofp/libc_nano.a(libc_a-memset.o)
                              /Applications/STM32CubeIDE.app/Contents/Eclipse/plugins/com.st.stm32cube.ide.mcu.externaltools.gnu-tools-for-stm32.11.3.rel1.macos64_1.1.0.202305231506/tools/bin/../lib/gcc/arm-none-eabi/11.3.1/../../../../arm-none-eabi/lib/thumb/v7e-m/nofp/crt0.o (memset)
/Applications/STM32CubeIDE.app/Contents/Eclipse/plugins/com.st.stm32cube.ide.mcu.externaltools.gnu-tools-for-stm32.11.3.rel1.macos64_1.1.0.202305231506/tools/bin/../lib/gcc/arm-none-eabi/11.3.1/../../../../arm-none-eabi/lib/thumb/v7e-m/nofp/libc_nano.a(libc_a-impure.o)
                              /Applications/STM32CubeIDE.app/Contents/Eclipse/plugins/com.st.stm32cube.ide.mcu.externaltools.gnu-tools-for-stm32.11.3.rel1.macos64_1.1.0.202305231506/tools/bin/../lib/gcc/arm-none-eabi/11.3.1/../../../../arm-none-eabi/lib/thumb/v7e-m/nofp/libc_nano.a(libc_a-vsnprintf.o) (_impure_ptr)
/Applications/STM32CubeIDE.app/Contents/Eclipse/plugins/com.st.stm32cube.ide.mcu.externaltools.gnu-tools-for-stm32.11.3.rel1.macos64_1.1.0.202305231506/tools/bin/../lib/gcc/arm-none-eabi/11.3.1/../../../../arm-none-eabi/lib/thumb/v7e-m/nofp/libc_nano.a(libc_a-errno.o)
                              ./Core/Src/syscalls.o (__errno)
/Applications/STM32CubeIDE.app/Contents/Eclipse/plugins/com.st.stm32cube.ide.mcu.externaltools.gnu-tools-for-stm32.11.3.rel1.macos64_1.1.0.202305231506/tools/bin/../lib/gcc/arm-none-eabi/11.3.1/../../../../arm-none-eabi/lib/thumb/v7e-m/nofp/libc_nano.a(libc_a-init.o)
                              /Applications/STM32CubeIDE.app/Contents/Eclipse/plugins/com.st.stm32cube.ide.mcu.externaltools.gnu-tools-for-stm32.11.3.rel1.macos64_1.1.0.202305231506/tools/bin/../lib/gcc/arm-none-eabi/11.3.1/../../../../arm-none-eabi/lib/thumb/v7e-m/nofp/crt0.o (__libc_init_array)
/Applications/STM32CubeIDE.app/Contents/Eclipse/plugins/com.st.stm32cube.ide.mcu.externaltools.gnu-tools-for-stm32.11.3.rel1.macos64_1.1.0.202305231506/tools/bin/../lib/gcc/arm-none-eabi/11.3.1/../../../../arm-none-eabi/lib/thumb/v7e-m/nofp/libc_nano.a(libc_a-lock.o)
                              /Applications/STM32CubeIDE.app/Contents/Eclipse/plugins/com.st.stm32cube.ide.mcu.externaltools.gnu-tools-for-stm32.11.3.rel1.macos64_1.1.0.202305231506/tools/bin/../lib/gcc/arm-none-eabi/11.3.1/../../../../arm-none-eabi/lib/thumb/v7e-m/nofp/libc_nano.a(libc_a-findfp.o) (__retarget_lock_init_recursive)
[...]
Memory Configuration

Name             Origin             Length             Attributes
RAM              0x0000000020000000 0x0000000000010000 xrw
RAM2             0x0000000010000000 0x0000000000008000 xrw
FLASH            0x0000000008000000 0x0000000000040000 xr
*default*        0x0000000000000000 0xffffffffffffffff

Linker script and memory map

LOAD /Applications/STM32CubeIDE.app/Contents/Eclipse/plugins/com.st.stm32cube.ide.mcu.externaltools.gnu-tools-for-stm32.11.3.rel1.macos64_1.1.0.202305231506/tools/bin/../lib/gcc/arm-none-eabi/11.3.1/thumb/v7e-m/nofp/crti.o
LOAD /Applications/STM32CubeIDE.app/Contents/Eclipse/plugins/com.st.stm32cube.ide.mcu.externaltools.gnu-tools-for-stm32.11.3.rel1.macos64_1.1.0.202305231506/tools/bin/../lib/gcc/arm-none-eabi/11.3.1/thumb/v7e-m/nofp/crtbegin.o
LOAD /Applications/STM32CubeIDE.app/Contents/Eclipse/plugins/com.st.stm32cube.ide.mcu.externaltools.gnu-tools-for-stm32.11.3.rel1.macos64_1.1.0.202305231506/tools/bin/../lib/gcc/arm-none-eabi/11.3.1/../../../../arm-none-eabi/lib/thumb/v7e-m/nofp/crt0.o
LOAD ./Core/Src/adc.o
LOAD ./Core/Src/com_debug.o
LOAD ./Core/Src/main.o
LOAD ./Core/Src/obc_interface.o
LOAD ./Core/Src/rtc.o
LOAD ./Core/Src/s_flash_mem.o
LOAD ./Core/Src/stm32wlxx_hal_msp.o
LOAD ./Core/Src/stm32wlxx_it.o
LOAD ./Core/Src/syscalls.o
LOAD ./Core/Src/sysmem.o
LOAD ./Core/Src/system_stm32wlxx.o
LOAD ./Core/Startup/startup_stm32wl55jcix.o
LOAD ./Drivers/STM32WLxx_HAL_Driver/Src/stm32wlxx_hal.o
LOAD ./Drivers/STM32WLxx_HAL_Driver/Src/stm32wlxx_hal_adc.o
LOAD ./Drivers/STM32WLxx_HAL_Driver/Src/stm32wlxx_hal_adc_ex.o
LOAD ./Drivers/STM32WLxx_HAL_Driver/Src/stm32wlxx_hal_cortex.o
LOAD ./Drivers/STM32WLxx_HAL_Driver/Src/stm32wlxx_hal_dma.o
LOAD ./Drivers/STM32WLxx_HAL_Driver/Src/stm32wlxx_hal_dma_ex.o
LOAD ./Drivers/STM32WLxx_HAL_Driver/Src/stm32wlxx_hal_exti.o
LOAD ./Drivers/STM32WLxx_HAL_Driver/Src/stm32wlxx_hal_flash.o
LOAD ./Drivers/STM32WLxx_HAL_Driver/Src/stm32wlxx_hal_flash_ex.o
LOAD ./Drivers/STM32WLxx_HAL_Driver/Src/stm32wlxx_hal_gpio.o
LOAD ./Drivers/STM32WLxx_HAL_Driver/Src/stm32wlxx_hal_pwr.o
LOAD ./Drivers/STM32WLxx_HAL_Driver/Src/stm32wlxx_hal_pwr_ex.o
LOAD ./Drivers/STM32WLxx_HAL_Driver/Src/stm32wlxx_hal_rcc.o
LOAD ./Drivers/STM32WLxx_HAL_Driver/Src/stm32wlxx_hal_rcc_ex.o
LOAD ./Drivers/STM32WLxx_HAL_Driver/Src/stm32wlxx_hal_rtc.o
LOAD ./Drivers/STM32WLxx_HAL_Driver/Src/stm32wlxx_hal_rtc_ex.o
LOAD ./Drivers/STM32WLxx_HAL_Driver/Src/stm32wlxx_hal_spi.o
LOAD ./Drivers/STM32WLxx_HAL_Driver/Src/stm32wlxx_hal_spi_ex.o
LOAD ./Drivers/STM32WLxx_HAL_Driver/Src/stm32wlxx_hal_tim.o
LOAD ./Drivers/STM32WLxx_HAL_Driver/Src/stm32wlxx_hal_tim_ex.o
LOAD ./Drivers/STM32WLxx_HAL_Driver/Src/stm32wlxx_hal_uart.o
LOAD ./Drivers/STM32WLxx_HAL_Driver/Src/stm32wlxx_hal_uart_ex.o
LOAD ./Drivers/STM32WLxx_HAL_Driver/Src/stm32wlxx_ll_adc.o
START GROUP
LOAD /Applications/STM32CubeIDE.app/Contents/Eclipse/plugins/com.st.stm32cube.ide.mcu.externaltools.gnu-tools-for-stm32.11.3.rel1.macos64_1.1.0.202305231506/tools/bin/../lib/gcc/arm-none-eabi/11.3.1/../../../../arm-none-eabi/lib/thumb/v7e-m/nofp/libc_nano.a
LOAD /Applications/STM32CubeIDE.app/Contents/Eclipse/plugins/com.st.stm32cube.ide.mcu.externaltools.gnu-tools-for-stm32.11.3.rel1.macos64_1.1.0.202305231506/tools/bin/../lib/gcc/arm-none-eabi/11.3.1/../../../../arm-none-eabi/lib/thumb/v7e-m/nofp/libm.a
END GROUP
START GROUP
LOAD /Applications/STM32CubeIDE.app/Contents/Eclipse/plugins/com.st.stm32cube.ide.mcu.externaltools.gnu-tools-for-stm32.11.3.rel1.macos64_1.1.0.202305231506/tools/bin/../lib/gcc/arm-none-eabi/11.3.1/thumb/v7e-m/nofp/libgcc.a
LOAD /Applications/STM32CubeIDE.app/Contents/Eclipse/plugins/com.st.stm32cube.ide.mcu.externaltools.gnu-tools-for-stm32.11.3.rel1.macos64_1.1.0.202305231506/tools/bin/../lib/gcc/arm-none-eabi/11.3.1/../../../../arm-none-eabi/lib/thumb/v7e-m/nofp/libc_nano.a
END GROUP
START GROUP
LOAD /Applications/STM32CubeIDE.app/Contents/Eclipse/plugins/com.st.stm32cube.ide.mcu.externaltools.gnu-tools-for-stm32.11.3.rel1.macos64_1.1.0.202305231506/tools/bin/../lib/gcc/arm-none-eabi/11.3.1/thumb/v7e-m/nofp/libgcc.a
LOAD /Applications/STM32CubeIDE.app/Contents/Eclipse/plugins/com.st.stm32cube.ide.mcu.externaltools.gnu-tools-for-stm32.11.3.rel1.macos64_1.1.0.202305231506/tools/bin/../lib/gcc/arm-none-eabi/11.3.1/../../../../arm-none-eabi/lib/thumb/v7e-m/nofp/libc_nano.a
LOAD /Applications/STM32CubeIDE.app/Contents/Eclipse/plugins/com.st.stm32cube.ide.mcu.externaltools.gnu-tools-for-stm32.11.3.rel1.macos64_1.1.0.202305231506/tools/bin/../lib/gcc/arm-none-eabi/11.3.1/../../../../arm-none-eabi/lib/thumb/v7e-m/nofp/libnosys.a
END GROUP
START GROUP
LOAD /Applications/STM32CubeIDE.app/Contents/Eclipse/plugins/com.st.stm32cube.ide.mcu.externaltools.gnu-tools-for-stm32.11.3.rel1.macos64_1.1.0.202305231506/tools/bin/../lib/gcc/arm-none-eabi/11.3.1/thumb/v7e-m/nofp/libgcc.a
LOAD /Applications/STM32CubeIDE.app/Contents/Eclipse/plugins/com.st.stm32cube.ide.mcu.externaltools.gnu-tools-for-stm32.11.3.rel1.macos64_1.1.0.202305231506/tools/bin/../lib/gcc/arm-none-eabi/11.3.1/../../../../arm-none-eabi/lib/thumb/v7e-m/nofp/libc_nano.a
LOAD /Applications/STM32CubeIDE.app/Contents/Eclipse/plugins/com.st.stm32cube.ide.mcu.externaltools.gnu-tools-for-stm32.11.3.rel1.macos64_1.1.0.202305231506/tools/bin/../lib/gcc/arm-none-eabi/11.3.1/../../../../arm-none-eabi/lib/thumb/v7e-m/nofp/libnosys.a
END GROUP
LOAD /Applications/STM32CubeIDE.app/Contents/Eclipse/plugins/com.st.stm32cube.ide.mcu.externaltools.gnu-tools-for-stm32.11.3.rel1.macos64_1.1.0.202305231506/tools/bin/../lib/gcc/arm-none-eabi/11.3.1/thumb/v7e-m/nofp/crtend.o
LOAD /Applications/STM32CubeIDE.app/Contents/Eclipse/plugins/com.st.stm32cube.ide.mcu.externaltools.gnu-tools-for-stm32.11.3.rel1.macos64_1.1.0.202305231506/tools/bin/../lib/gcc/arm-none-eabi/11.3.1/thumb/v7e-m/nofp/crtn.o
                0x0000000020010000                _estack = (ORIGIN (RAM) + LENGTH (RAM))
                0x0000000000000200                _Min_Heap_Size = 0x200
                0x0000000000000400                _Min_Stack_Size = 0x400

.isr_vector     0x0000000008000000      0x138
                0x0000000008000000                . = ALIGN (0x4)
 *(.isr_vector)
 .isr_vector    0x0000000008000000      0x138 ./Core/Startup/startup_stm32wl55jcix.o
                0x0000000008000000                g_pfnVectors
                0x0000000008000138                . = ALIGN (0x4)

.text           0x0000000008000140     0x7ecc
                0x0000000008000140                . = ALIGN (0x4)
 *(.text)
 .text          0x0000000008000140       0x40 /Applications/STM32CubeIDE.app/Contents/Eclipse/plugins/com.st.stm32cube.ide.mcu.externaltools.gnu-tools-for-stm32.11.3.rel1.macos64_1.1.0.202305231506/tools/bin/../lib/gcc/arm-none-eabi/11.3.1/thumb/v7e-m/nofp/crtbegin.o
 .text          0x0000000008000180       0xa0 /Applications/STM32CubeIDE.app/Contents/Eclipse/plugins/com.st.stm32cube.ide.mcu.externaltools.gnu-tools-for-stm32.11.3.rel1.macos64_1.1.0.202305231506/tools/bin/../lib/gcc/arm-none-eabi/11.3.1/../../../../arm-none-eabi/lib/thumb/v7e-m/nofp/libc_nano.a(libc_a-memchr.o)
                0x0000000008000180                memchr
 .text          0x0000000008000220       0x30 /Applications/STM32CubeIDE.app/Contents/Eclipse/plugins/com.st.stm32cube.ide.mcu.externaltools.gnu-tools-for-stm32.11.3.rel1.macos64_1.1.0.202305231506/tools/bin/../lib/gcc/arm-none-eabi/11.3.1/thumb/v7e-m/nofp/libgcc.a(_aeabi_uldivmod.o)
                0x0000000008000220                __aeabi_uldivmod
 .text          0x0000000008000250      0x2c8 /Applications/STM32CubeIDE.app/Contents/Eclipse/plugins/com.st.stm32cube.ide.mcu.externaltools.gnu-tools-for-stm32.11.3.rel1.macos64_1.1.0.202305231506/tools/bin/../lib/gcc/arm-none-eabi/11.3.1/thumb/v7e-m/nofp/libgcc.a(_udivmoddi4.o)
                0x0000000008000250                __udivmoddi4
 .text          0x0000000008000518        0x4 /Applications/STM32CubeIDE.app/Contents/Eclipse/plugins/com.st.stm32cube.ide.mcu.externaltools.gnu-tools-for-stm32.11.3.rel1.macos64_1.1.0.202305231506/tools/bin/../lib/gcc/arm-none-eabi/11.3.1/thumb/v7e-m/nofp/libgcc.a(_dvmd_tls.o)
                0x0000000008000518                __aeabi_ldiv0
                0x0000000008000518                __aeabi_idiv0
 *(.text*)
 .text.LL_ADC_REG_SetDMATransfer
                0x000000000800051c       0x24 ./Core/Src/adc.o
 .text.LL_ADC_REG_GetDMATransfer
                0x0000000008000540       0x1a ./Core/Src/adc.o
 .text.LL_ADC_EnableInternalRegulator
                0x000000000800055a       0x26 ./Core/Src/adc.o
 .text.LL_ADC_Enable
                0x0000000008000580       0x26 ./Core/Src/adc.o
 .text.LL_ADC_IsEnabled
                0x00000000080005a6       0x24 ./Core/Src/adc.o
 .text.LL_ADC_IsDisableOngoing
                0x00000000080005ca       0x24 ./Core/Src/adc.o
 .text.LL_ADC_StartCalibration
                0x00000000080005ee       0x26 ./Core/Src/adc.o
 .text.LL_ADC_IsCalibrationOnGoing
                0x0000000008000614       0x26 ./Core/Src/adc.o
 .text.LL_ADC_REG_StartConversion
                0x000000000800063a       0x26 ./Core/Src/adc.o
 .text.LL_ADC_REG_IsConversionOngoing
                0x0000000008000660       0x24 ./Core/Src/adc.o
 .text.LL_ADC_REG_ReadConversionData12
                0x0000000008000684       0x18 ./Core/Src/adc.o
 .text.LL_ADC_IsActiveFlag_ADRDY
                0x000000000800069c       0x24 ./Core/Src/adc.o
 .text.LL_ADC_IsActiveFlag_EOC
                0x00000000080006c0       0x24 ./Core/Src/adc.o
 .text.LL_ADC_ClearFlag_EOC
                0x00000000080006e4       0x18 ./Core/Src/adc.o
 .text.Activate_ADC
                0x00000000080006fc       0xc0 ./Core/Src/adc.o
                0x00000000080006fc                Activate_ADC
 .text.ConversionStartPoll_ADC_GrpRegular
                0x00000000080007bc       0x50 ./Core/Src/adc.o
                0x00000000080007bc                ConversionStartPoll_ADC_GrpRegular
 .text.ReadTemperature
                0x000000000800080c       0x9c ./Core/Src/adc.o
                0x000000000800080c                ReadTemperature
 .text.myPrintf
                0x00000000080008a8       0x48 ./Core/Src/com_debug.o
                0x00000000080008a8                myPrintf
 .text.bufferSize
                0x00000000080008f0       0x2c ./Core/Src/com_debug.o
                0x00000000080008f0                bufferSize
 .text.delay_us
                0x000000000800091c       0x3c ./Core/Src/com_debug.o
                0x000000000800091c                delay_us
 .text.LL_AHB2_GRP1_EnableClock
                0x0000000008000958       0x30 ./Core/Src/main.o
 .text.setDataToBeTransmitted
                0x0000000008000988      0x180 ./Core/Src/main.o
                0x0000000008000988                setDataToBeTransmitted
 .text.EOM      0x0000000008000b08       0xec ./Core/Src/main.o
                0x0000000008000b08                EOM
 .text.MSN_Error
                0x0000000008000bf4       0xe4 ./Core/Src/main.o
                0x0000000008000bf4                MSN_Error
 .text.main     0x0000000008000cd8      0x1e4 ./Core/Src/main.o
                0x0000000008000cd8                main
 .text.SystemClock_Config
                0x0000000008000ebc       0xd0 ./Core/Src/main.o
                0x0000000008000ebc                SystemClock_Config
 .text.MX_ADC_Init
                0x0000000008000f8c       0xd0 ./Core/Src/main.o
 .text.MX_RTC_Init
                0x000000000800105c       0xc8 ./Core/Src/main.o
 .text.MX_SPI2_Init
                0x0000000008001124       0x7c ./Core/Src/main.o
 .text.MX_TIM1_Init
                0x00000000080011a0       0xa8 ./Core/Src/main.o
 .text.MX_USART1_UART_Init
                0x0000000008001248       0x98 ./Core/Src/main.o
 .text.MX_USART2_UART_Init
                0x00000000080012e0       0x98 ./Core/Src/main.o
 .text.MX_GPIO_Init
                0x0000000008001378       0xdc ./Core/Src/main.o
 .text.Error_Handler
                0x0000000008001454        0xe ./Core/Src/main.o
                0x0000000008001454                Error_Handler
 *fill*         0x0000000008001462        0x2 
 .text.WAIT_FOR_HANDSHAKE
                0x0000000008001464       0xc4 ./Core/Src/obc_interface.o
                0x0000000008001464                WAIT_FOR_HANDSHAKE
 .text.Receive_MAIN_CMD
                0x0000000008001528       0xb0 ./Core/Src/obc_interface.o
                0x0000000008001528                Receive_MAIN_CMD
 .text.Execute_MAIN_CMD
                0x00000000080015d8       0x70 ./Core/Src/obc_interface.o
                0x00000000080015d8                Execute_MAIN_CMD
 .text.setTime  0x0000000008001648       0x8c ./Core/Src/rtc.o
                0x0000000008001648                setTime
 .text.getTime  0x00000000080016d4       0x28 ./Core/Src/rtc.o
                0x00000000080016d4                getTime
 .text.Read_ID  0x00000000080016fc       0xb2 ./Core/Src/s_flash_mem.o
                0x00000000080016fc                Read_ID
 .text.Page_Write
                0x00000000080017ae       0xf6 ./Core/Src/s_flash_mem.o
                0x00000000080017ae                Page_Write
 .text.Write_Enable
                0x00000000080018a4       0x3c ./Core/Src/s_flash_mem.o
                0x00000000080018a4                Write_Enable
 .text.Bulk_Read
                0x00000000080018e0       0x5c ./Core/Src/s_flash_mem.o
                0x00000000080018e0                Bulk_Read
 .text.FM_Enable
                0x000000000800193c       0x22 ./Core/Src/s_flash_mem.o
                0x000000000800193c                FM_Enable
 .text.FM_Disable
                0x000000000800195e       0x22 ./Core/Src/s_flash_mem.o
                0x000000000800195e                FM_Disable
 .text.LL_RCC_EnableRTC
                0x0000000008001980       0x20 ./Core/Src/stm32wlxx_hal_msp.o
 .text.LL_AHB2_GRP1_EnableClock
                0x00000000080019a0       0x30 ./Core/Src/stm32wlxx_hal_msp.o
 .text.LL_APB1_GRP1_EnableClock
                0x00000000080019d0       0x30 ./Core/Src/stm32wlxx_hal_msp.o
 .text.LL_APB2_GRP1_EnableClock
                0x0000000008001a00       0x30 ./Core/Src/stm32wlxx_hal_msp.o
 .text.HAL_MspInit
                0x0000000008001a30        0xc ./Core/Src/stm32wlxx_hal_msp.o
                0x0000000008001a30                HAL_MspInit
 .text.HAL_ADC_MspInit
                0x0000000008001a3c       0x28 ./Core/Src/stm32wlxx_hal_msp.o
                0x0000000008001a3c                HAL_ADC_MspInit
 .text.HAL_RTC_MspInit
                0x0000000008001a64       0x58 ./Core/Src/stm32wlxx_hal_msp.o
                0x0000000008001a64                HAL_RTC_MspInit
 .text.HAL_SPI_MspInit
                0x0000000008001abc       0x90 ./Core/Src/stm32wlxx_hal_msp.o
                0x0000000008001abc                HAL_SPI_MspInit
 .text.HAL_TIM_Base_MspInit
                0x0000000008001b4c       0x28 ./Core/Src/stm32wlxx_hal_msp.o
                0x0000000008001b4c                HAL_TIM_Base_MspInit
 .text.HAL_UART_MspInit
                0x0000000008001b74       0xfc ./Core/Src/stm32wlxx_hal_msp.o
                0x0000000008001b74                HAL_UART_MspInit
 .text.NMI_Handler
                0x0000000008001c70        0x6 ./Core/Src/stm32wlxx_it.o
                0x0000000008001c70                NMI_Handler
 .text.HardFault_Handler
                0x0000000008001c76        0x6 ./Core/Src/stm32wlxx_it.o
                0x0000000008001c76                HardFault_Handler
 .text.MemManage_Handler
                0x0000000008001c7c        0x6 ./Core/Src/stm32wlxx_it.o
                0x0000000008001c7c                MemManage_Handler
 .text.BusFault_Handler
                0x0000000008001c82        0x6 ./Core/Src/stm32wlxx_it.o
                0x0000000008001c82                BusFault_Handler
 .text.UsageFault_Handler
                0x0000000008001c88        0x6 ./Core/Src/stm32wlxx_it.o
                0x0000000008001c88                UsageFault_Handler
 .text.SVC_Handler
                0x0000000008001c8e        0xc ./Core/Src/stm32wlxx_it.o
                0x0000000008001c8e                SVC_Handler
 .text.DebugMon_Handler
                0x0000000008001c9a        0xc ./Core/Src/stm32wlxx_it.o
                0x0000000008001c9a                DebugMon_Handler
 .text.PendSV_Handler
                0x0000000008001ca6        0xc ./Core/Src/stm32wlxx_it.o
                0x0000000008001ca6                PendSV_Handler
 .text.SysTick_Handler
                0x0000000008001cb2        0xc ./Core/Src/stm32wlxx_it.o
                0x0000000008001cb2                SysTick_Handler
 *fill*         0x0000000008001cbe        0x2 
 .text.USART1_IRQHandler
                0x0000000008001cc0       0x14 ./Core/Src/stm32wlxx_it.o
                0x0000000008001cc0                USART1_IRQHandler
 .text._sbrk    0x0000000008001cd4       0x6c ./Core/Src/sysmem.o
                0x0000000008001cd4                _sbrk
 .text.SystemInit
                0x0000000008001d40        0xc ./Core/Src/system_stm32wlxx.o
                0x0000000008001d40                SystemInit
 .text.Reset_Handler
                0x0000000008001d4c       0x50 ./Core/Startup/startup_stm32wl55jcix.o
                0x0000000008001d4c                Reset_Handler
 .text.Default_Handler
                0x0000000008001d9c        0x2 ./Core/Startup/startup_stm32wl55jcix.o
                0x0000000008001d9c                DMA2_Channel3_IRQHandler
                0x0000000008001d9c                EXTI2_IRQHandler
                0x0000000008001d9c                TIM1_CC_IRQHandler
                0x0000000008001d9c                EXTI3_IRQHandler
                0x0000000008001d9c                LPTIM2_IRQHandler
                0x0000000008001d9c                I2C3_ER_IRQHandler
                0x0000000008001d9c                LPTIM3_IRQHandler
                0x0000000008001d9c                EXTI0_IRQHandler
                0x0000000008001d9c                I2C2_EV_IRQHandler
                0x0000000008001d9c                TAMP_STAMP_LSECSS_SSRU_IRQHandler
                0x0000000008001d9c                SPI1_IRQHandler
                0x0000000008001d9c                DMA2_Channel2_IRQHandler
                0x0000000008001d9c                DMA1_Channel4_IRQHandler
                0x0000000008001d9c                PKA_IRQHandler
                0x0000000008001d9c                TIM17_IRQHandler
                0x0000000008001d9c                DMA1_Channel7_IRQHandler
                0x0000000008001d9c                SUBGHZSPI_IRQHandler
                0x0000000008001d9c                IPCC_C1_TX_IRQHandler
                0x0000000008001d9c                DMA2_Channel1_IRQHandler
                0x0000000008001d9c                I2C1_EV_IRQHandler
                0x0000000008001d9c                SUBGHZ_Radio_IRQHandler
                0x0000000008001d9c                DMAMUX1_OVR_IRQHandler
                0x0000000008001d9c                DMA1_Channel6_IRQHandler
                0x0000000008001d9c                TIM16_IRQHandler
                0x0000000008001d9c                DMA2_Channel4_IRQHandler
                0x0000000008001d9c                RCC_IRQHandler
                0x0000000008001d9c                TIM1_TRG_COM_IRQHandler
                0x0000000008001d9c                DMA1_Channel1_IRQHandler
                0x0000000008001d9c                Default_Handler
                0x0000000008001d9c                DMA2_Channel7_IRQHandler
                0x0000000008001d9c                EXTI15_10_IRQHandler
                0x0000000008001d9c                IPCC_C1_RX_IRQHandler
                0x0000000008001d9c                ADC_IRQHandler
                0x0000000008001d9c                C2SEV_PWR_C2H_IRQHandler
                0x0000000008001d9c                I2C3_EV_IRQHandler
                0x0000000008001d9c                EXTI9_5_IRQHandler
                0x0000000008001d9c                RTC_WKUP_IRQHandler
                0x0000000008001d9c                PVD_PVM_IRQHandler
                0x0000000008001d9c                SPI2_IRQHandler
                0x0000000008001d9c                DMA2_Channel5_IRQHandler
                0x0000000008001d9c                DMA1_Channel5_IRQHandler
                0x0000000008001d9c                EXTI4_IRQHandler
                0x0000000008001d9c                RNG_IRQHandler
                0x0000000008001d9c                DMA1_Channel3_IRQHandler
                0x0000000008001d9c                COMP_IRQHandler
                0x0000000008001d9c                HSEM_IRQHandler
                0x0000000008001d9c                TIM1_UP_IRQHandler
                0x0000000008001d9c                WWDG_IRQHandler
                0x0000000008001d9c                LPUART1_IRQHandler
                0x0000000008001d9c                DMA2_Channel6_IRQHandler
                0x0000000008001d9c                TIM2_IRQHandler
                0x0000000008001d9c                TIM1_BRK_IRQHandler
                0x0000000008001d9c                DAC_IRQHandler
                0x0000000008001d9c                EXTI1_IRQHandler
                0x0000000008001d9c                AES_IRQHandler
                0x0000000008001d9c                USART2_IRQHandler
                0x0000000008001d9c                I2C2_ER_IRQHandler
                0x0000000008001d9c                DMA1_Channel2_IRQHandler
                0x0000000008001d9c                FLASH_IRQHandler
                0x0000000008001d9c                I2C1_ER_IRQHandler
                0x0000000008001d9c                LPTIM1_IRQHandler
                0x0000000008001d9c                RTC_Alarm_IRQHandler
 *fill*         0x0000000008001d9e        0x2 
 .text.HAL_Init
                0x0000000008001da0       0x40 ./Drivers/STM32WLxx_HAL_Driver/Src/stm32wlxx_hal.o
                0x0000000008001da0                HAL_Init
 .text.HAL_InitTick
                0x0000000008001de0       0x74 ./Drivers/STM32WLxx_HAL_Driver/Src/stm32wlxx_hal.o
                0x0000000008001de0                HAL_InitTick
 .text.HAL_IncTick
                0x0000000008001e54       0x24 ./Drivers/STM32WLxx_HAL_Driver/Src/stm32wlxx_hal.o
                0x0000000008001e54                HAL_IncTick
 .text.HAL_GetTick
                0x0000000008001e78       0x14 ./Drivers/STM32WLxx_HAL_Driver/Src/stm32wlxx_hal.o
                0x0000000008001e78                HAL_GetTick
 .text.LL_ADC_SetCommonPathInternalCh
                0x0000000008001e8c       0x24 ./Drivers/STM32WLxx_HAL_Driver/Src/stm32wlxx_hal_adc.o
 .text.LL_ADC_GetCommonPathInternalCh
                0x0000000008001eb0       0x1a ./Drivers/STM32WLxx_HAL_Driver/Src/stm32wlxx_hal_adc.o
 .text.LL_ADC_SetSamplingTimeCommonChannels
                0x0000000008001eca       0x3c ./Drivers/STM32WLxx_HAL_Driver/Src/stm32wlxx_hal_adc.o
 .text.LL_ADC_GetSamplingTimeCommonChannels
                0x0000000008001f06       0x30 ./Drivers/STM32WLxx_HAL_Driver/Src/stm32wlxx_hal_adc.o
 .text.LL_ADC_REG_SetSequencerRanks
                0x0000000008001f36       0x42 ./Drivers/STM32WLxx_HAL_Driver/Src/stm32wlxx_hal_adc.o
 .text.LL_ADC_REG_SetSequencerChAdd
                0x0000000008001f78       0x24 ./Drivers/STM32WLxx_HAL_Driver/Src/stm32wlxx_hal_adc.o
 .text.LL_ADC_REG_SetSequencerChRem
                0x0000000008001f9c       0x26 ./Drivers/STM32WLxx_HAL_Driver/Src/stm32wlxx_hal_adc.o
 .text.LL_ADC_SetChannelSamplingTime
                0x0000000008001fc2       0x38 ./Drivers/STM32WLxx_HAL_Driver/Src/stm32wlxx_hal_adc.o
 .text.LL_ADC_EnableInternalRegulator
                0x0000000008001ffa       0x26 ./Drivers/STM32WLxx_HAL_Driver/Src/stm32wlxx_hal_adc.o
 .text.LL_ADC_IsInternalRegulatorEnabled
                0x0000000008002020       0x26 ./Drivers/STM32WLxx_HAL_Driver/Src/stm32wlxx_hal_adc.o
 .text.LL_ADC_IsEnabled
                0x0000000008002046       0x24 ./Drivers/STM32WLxx_HAL_Driver/Src/stm32wlxx_hal_adc.o
 .text.LL_ADC_REG_IsConversionOngoing
                0x000000000800206a       0x24 ./Drivers/STM32WLxx_HAL_Driver/Src/stm32wlxx_hal_adc.o
 *fill*         0x000000000800208e        0x2 
 .text.HAL_ADC_Init
                0x0000000008002090      0x328 ./Drivers/STM32WLxx_HAL_Driver/Src/stm32wlxx_hal_adc.o
                0x0000000008002090                HAL_ADC_Init
 .text.HAL_ADC_ConfigChannel
                0x00000000080023b8      0x270 ./Drivers/STM32WLxx_HAL_Driver/Src/stm32wlxx_hal_adc.o
                0x00000000080023b8                HAL_ADC_ConfigChannel
 .text.__NVIC_SetPriorityGrouping
                0x0000000008002628       0x48 ./Drivers/STM32WLxx_HAL_Driver/Src/stm32wlxx_hal_cortex.o
 .text.__NVIC_GetPriorityGrouping
                0x0000000008002670       0x1c ./Drivers/STM32WLxx_HAL_Driver/Src/stm32wlxx_hal_cortex.o
 .text.__NVIC_EnableIRQ
                0x000000000800268c       0x38 ./Drivers/STM32WLxx_HAL_Driver/Src/stm32wlxx_hal_cortex.o
 .text.__NVIC_SetPriority
                0x00000000080026c4       0x54 ./Drivers/STM32WLxx_HAL_Driver/Src/stm32wlxx_hal_cortex.o
 .text.NVIC_EncodePriority
                0x0000000008002718       0x64 ./Drivers/STM32WLxx_HAL_Driver/Src/stm32wlxx_hal_cortex.o
 .text.SysTick_Config
                0x000000000800277c       0x44 ./Drivers/STM32WLxx_HAL_Driver/Src/stm32wlxx_hal_cortex.o
 .text.HAL_NVIC_SetPriorityGrouping
                0x00000000080027c0       0x16 ./Drivers/STM32WLxx_HAL_Driver/Src/stm32wlxx_hal_cortex.o
                0x00000000080027c0                HAL_NVIC_SetPriorityGrouping
 .text.HAL_NVIC_SetPriority
                0x00000000080027d6       0x34 ./Drivers/STM32WLxx_HAL_Driver/Src/stm32wlxx_hal_cortex.o
                0x00000000080027d6                HAL_NVIC_SetPriority
 .text.HAL_NVIC_EnableIRQ
                0x000000000800280a       0x1c ./Drivers/STM32WLxx_HAL_Driver/Src/stm32wlxx_hal_cortex.o
                0x000000000800280a                HAL_NVIC_EnableIRQ
 .text.HAL_SYSTICK_Config
                0x0000000008002826       0x18 ./Drivers/STM32WLxx_HAL_Driver/Src/stm32wlxx_hal_cortex.o
                0x0000000008002826                HAL_SYSTICK_Config
 .text.HAL_DMA_Abort
                0x000000000800283e       0xbc ./Drivers/STM32WLxx_HAL_Driver/Src/stm32wlxx_hal_dma.o
                0x000000000800283e                HAL_DMA_Abort
 .text.HAL_DMA_Abort_IT
                0x00000000080028fa       0xbe ./Drivers/STM32WLxx_HAL_Driver/Src/stm32wlxx_hal_dma.o
                0x00000000080028fa                HAL_DMA_Abort_IT
 .text.HAL_GPIO_Init
                0x00000000080029b8      0x2c0 ./Drivers/STM32WLxx_HAL_Driver/Src/stm32wlxx_hal_gpio.o
                0x00000000080029b8                HAL_GPIO_Init
 .text.HAL_GPIO_WritePin
                0x0000000008002c78       0x2e ./Drivers/STM32WLxx_HAL_Driver/Src/stm32wlxx_hal_gpio.o
                0x0000000008002c78                HAL_GPIO_WritePin
 *fill*         0x0000000008002ca6        0x2 
 .text.HAL_PWR_EnableBkUpAccess
                0x0000000008002ca8       0x1c ./Drivers/STM32WLxx_HAL_Driver/Src/stm32wlxx_hal_pwr.o
                0x0000000008002ca8                HAL_PWR_EnableBkUpAccess
 .text.HAL_PWREx_GetVoltageRange
                0x0000000008002cc4       0x18 ./Drivers/STM32WLxx_HAL_Driver/Src/stm32wlxx_hal_pwr_ex.o
                0x0000000008002cc4                HAL_PWREx_GetVoltageRange
 .text.LL_PWR_IsEnabledBkUpAccess
                0x0000000008002cdc       0x24 ./Drivers/STM32WLxx_HAL_Driver/Src/stm32wlxx_hal_rcc.o
 .text.LL_RCC_HSE_EnableTcxo
                0x0000000008002d00       0x1c ./Drivers/STM32WLxx_HAL_Driver/Src/stm32wlxx_hal_rcc.o
 .text.LL_RCC_HSE_DisableTcxo
                0x0000000008002d1c       0x1c ./Drivers/STM32WLxx_HAL_Driver/Src/stm32wlxx_hal_rcc.o
 .text.LL_RCC_HSE_IsEnabledDiv2
                0x0000000008002d38       0x22 ./Drivers/STM32WLxx_HAL_Driver/Src/stm32wlxx_hal_rcc.o
 .text.LL_RCC_HSE_Enable
                0x0000000008002d5a       0x1c ./Drivers/STM32WLxx_HAL_Driver/Src/stm32wlxx_hal_rcc.o
 .text.LL_RCC_HSE_Disable
                0x0000000008002d76       0x1c ./Drivers/STM32WLxx_HAL_Driver/Src/stm32wlxx_hal_rcc.o
 .text.LL_RCC_HSE_IsReady
                0x0000000008002d92       0x22 ./Drivers/STM32WLxx_HAL_Driver/Src/stm32wlxx_hal_rcc.o
 .text.LL_RCC_HSI_Enable
                0x0000000008002db4       0x1c ./Drivers/STM32WLxx_HAL_Driver/Src/stm32wlxx_hal_rcc.o
 .text.LL_RCC_HSI_Disable
                0x0000000008002dd0       0x1c ./Drivers/STM32WLxx_HAL_Driver/Src/stm32wlxx_hal_rcc.o
 .text.LL_RCC_HSI_IsReady
                0x0000000008002dec       0x22 ./Drivers/STM32WLxx_HAL_Driver/Src/stm32wlxx_hal_rcc.o
 .text.LL_RCC_HSI_SetCalibTrimming
                0x0000000008002e0e       0x28 ./Drivers/STM32WLxx_HAL_Driver/Src/stm32wlxx_hal_rcc.o
 .text.LL_RCC_LSE_IsReady
                0x0000000008002e36       0x22 ./Drivers/STM32WLxx_HAL_Driver/Src/stm32wlxx_hal_rcc.o
 .text.LL_RCC_LSI_Enable
                0x0000000008002e58       0x20 ./Drivers/STM32WLxx_HAL_Driver/Src/stm32wlxx_hal_rcc.o
 .text.LL_RCC_LSI_Disable
                0x0000000008002e78       0x20 ./Drivers/STM32WLxx_HAL_Driver/Src/stm32wlxx_hal_rcc.o
 .text.LL_RCC_LSI_IsReady
                0x0000000008002e98       0x22 ./Drivers/STM32WLxx_HAL_Driver/Src/stm32wlxx_hal_rcc.o
 .text.LL_RCC_MSI_Enable
                0x0000000008002eba       0x1c ./Drivers/STM32WLxx_HAL_Driver/Src/stm32wlxx_hal_rcc.o
 .text.LL_RCC_MSI_Disable
                0x0000000008002ed6       0x1c ./Drivers/STM32WLxx_HAL_Driver/Src/stm32wlxx_hal_rcc.o
 .text.LL_RCC_MSI_IsReady
                0x0000000008002ef2       0x20 ./Drivers/STM32WLxx_HAL_Driver/Src/stm32wlxx_hal_rcc.o
 .text.LL_RCC_MSI_IsEnabledRangeSelect
                0x0000000008002f12       0x20 ./Drivers/STM32WLxx_HAL_Driver/Src/stm32wlxx_hal_rcc.o
 .text.LL_RCC_MSI_GetRange
                0x0000000008002f32       0x16 ./Drivers/STM32WLxx_HAL_Driver/Src/stm32wlxx_hal_rcc.o
 .text.LL_RCC_MSI_GetRangeAfterStandby
                0x0000000008002f48       0x18 ./Drivers/STM32WLxx_HAL_Driver/Src/stm32wlxx_hal_rcc.o
 .text.LL_RCC_MSI_SetCalibTrimming
                0x0000000008002f60       0x28 ./Drivers/STM32WLxx_HAL_Driver/Src/stm32wlxx_hal_rcc.o
 .text.LL_RCC_SetSysClkSource
                0x0000000008002f88       0x26 ./Drivers/STM32WLxx_HAL_Driver/Src/stm32wlxx_hal_rcc.o
 .text.LL_RCC_GetSysClkSource
                0x0000000008002fae       0x16 ./Drivers/STM32WLxx_HAL_Driver/Src/stm32wlxx_hal_rcc.o
 .text.LL_RCC_SetAHBPrescaler
                0x0000000008002fc4       0x26 ./Drivers/STM32WLxx_HAL_Driver/Src/stm32wlxx_hal_rcc.o
 .text.LL_C2_RCC_SetAHBPrescaler
                0x0000000008002fea       0x2a ./Drivers/STM32WLxx_HAL_Driver/Src/stm32wlxx_hal_rcc.o
 .text.LL_RCC_SetAHB3Prescaler
                0x0000000008003014       0x2c ./Drivers/STM32WLxx_HAL_Driver/Src/stm32wlxx_hal_rcc.o
 .text.LL_RCC_SetAPB1Prescaler
                0x0000000008003040       0x26 ./Drivers/STM32WLxx_HAL_Driver/Src/stm32wlxx_hal_rcc.o
 .text.LL_RCC_SetAPB2Prescaler
                0x0000000008003066       0x26 ./Drivers/STM32WLxx_HAL_Driver/Src/stm32wlxx_hal_rcc.o
 .text.LL_RCC_GetAHBPrescaler
                0x000000000800308c       0x16 ./Drivers/STM32WLxx_HAL_Driver/Src/stm32wlxx_hal_rcc.o
 .text.LL_RCC_GetAHB3Prescaler
                0x00000000080030a2       0x1a ./Drivers/STM32WLxx_HAL_Driver/Src/stm32wlxx_hal_rcc.o
 .text.LL_RCC_GetAPB1Prescaler
                0x00000000080030bc       0x16 ./Drivers/STM32WLxx_HAL_Driver/Src/stm32wlxx_hal_rcc.o
 .text.LL_RCC_GetAPB2Prescaler
                0x00000000080030d2       0x16 ./Drivers/STM32WLxx_HAL_Driver/Src/stm32wlxx_hal_rcc.o
 .text.LL_RCC_PLL_Enable
                0x00000000080030e8       0x1c ./Drivers/STM32WLxx_HAL_Driver/Src/stm32wlxx_hal_rcc.o
 .text.LL_RCC_PLL_Disable
                0x0000000008003104       0x1c ./Drivers/STM32WLxx_HAL_Driver/Src/stm32wlxx_hal_rcc.o
 .text.LL_RCC_PLL_IsReady
                0x0000000008003120       0x22 ./Drivers/STM32WLxx_HAL_Driver/Src/stm32wlxx_hal_rcc.o
 .text.LL_RCC_PLL_GetN
                0x0000000008003142       0x18 ./Drivers/STM32WLxx_HAL_Driver/Src/stm32wlxx_hal_rcc.o
 .text.LL_RCC_PLL_GetR
                0x000000000800315a       0x16 ./Drivers/STM32WLxx_HAL_Driver/Src/stm32wlxx_hal_rcc.o
 .text.LL_RCC_PLL_GetDivider
                0x0000000008003170       0x16 ./Drivers/STM32WLxx_HAL_Driver/Src/stm32wlxx_hal_rcc.o
 .text.LL_RCC_PLL_GetMainSource
                0x0000000008003186       0x16 ./Drivers/STM32WLxx_HAL_Driver/Src/stm32wlxx_hal_rcc.o
 .text.LL_RCC_IsActiveFlag_HPRE
                0x000000000800319c       0x22 ./Drivers/STM32WLxx_HAL_Driver/Src/stm32wlxx_hal_rcc.o
 .text.LL_RCC_IsActiveFlag_C2HPRE
                0x00000000080031be       0x24 ./Drivers/STM32WLxx_HAL_Driver/Src/stm32wlxx_hal_rcc.o
 .text.LL_RCC_IsActiveFlag_SHDHPRE
                0x00000000080031e2       0x24 ./Drivers/STM32WLxx_HAL_Driver/Src/stm32wlxx_hal_rcc.o
 .text.LL_RCC_IsActiveFlag_PPRE1
                0x0000000008003206       0x22 ./Drivers/STM32WLxx_HAL_Driver/Src/stm32wlxx_hal_rcc.o
 .text.LL_RCC_IsActiveFlag_PPRE2
                0x0000000008003228       0x22 ./Drivers/STM32WLxx_HAL_Driver/Src/stm32wlxx_hal_rcc.o
 *fill*         0x000000000800324a        0x2 
 .text.HAL_RCC_OscConfig
                0x000000000800324c      0x704 ./Drivers/STM32WLxx_HAL_Driver/Src/stm32wlxx_hal_rcc.o
                0x000000000800324c                HAL_RCC_OscConfig
 .text.HAL_RCC_ClockConfig
                0x0000000008003950      0x284 ./Drivers/STM32WLxx_HAL_Driver/Src/stm32wlxx_hal_rcc.o
                0x0000000008003950                HAL_RCC_ClockConfig
 .text.HAL_RCC_GetSysClockFreq
                0x0000000008003bd4      0x140 ./Drivers/STM32WLxx_HAL_Driver/Src/stm32wlxx_hal_rcc.o
                0x0000000008003bd4                HAL_RCC_GetSysClockFreq
 .text.HAL_RCC_GetHCLKFreq
                0x0000000008003d14       0x28 ./Drivers/STM32WLxx_HAL_Driver/Src/stm32wlxx_hal_rcc.o
                0x0000000008003d14                HAL_RCC_GetHCLKFreq
 .text.HAL_RCC_GetPCLK1Freq
                0x0000000008003d3c       0x24 ./Drivers/STM32WLxx_HAL_Driver/Src/stm32wlxx_hal_rcc.o
                0x0000000008003d3c                HAL_RCC_GetPCLK1Freq
 .text.HAL_RCC_GetPCLK2Freq
                0x0000000008003d60       0x24 ./Drivers/STM32WLxx_HAL_Driver/Src/stm32wlxx_hal_rcc.o
                0x0000000008003d60                HAL_RCC_GetPCLK2Freq
 .text.RCC_SetFlashLatencyFromMSIRange
                0x0000000008003d84       0x60 ./Drivers/STM32WLxx_HAL_Driver/Src/stm32wlxx_hal_rcc.o
 .text.RCC_SetFlashLatency
                0x0000000008003de4      0x104 ./Drivers/STM32WLxx_HAL_Driver/Src/stm32wlxx_hal_rcc.o
 .text.LL_RCC_LSE_IsReady
                0x0000000008003ee8       0x22 ./Drivers/STM32WLxx_HAL_Driver/Src/stm32wlxx_hal_rcc_ex.o
 .text.LL_RCC_SetUSARTClockSource
                0x0000000008003f0a       0x30 ./Drivers/STM32WLxx_HAL_Driver/Src/stm32wlxx_hal_rcc_ex.o
 .text.LL_RCC_SetI2SClockSource
                0x0000000008003f3a       0x2a ./Drivers/STM32WLxx_HAL_Driver/Src/stm32wlxx_hal_rcc_ex.o
 .text.LL_RCC_SetLPUARTClockSource
                0x0000000008003f64       0x2a ./Drivers/STM32WLxx_HAL_Driver/Src/stm32wlxx_hal_rcc_ex.o
 .text.LL_RCC_SetI2CClockSource
                0x0000000008003f8e       0x38 ./Drivers/STM32WLxx_HAL_Driver/Src/stm32wlxx_hal_rcc_ex.o
 .text.LL_RCC_SetLPTIMClockSource
                0x0000000008003fc6       0x32 ./Drivers/STM32WLxx_HAL_Driver/Src/stm32wlxx_hal_rcc_ex.o
 .text.LL_RCC_SetRNGClockSource
                0x0000000008003ff8       0x2a ./Drivers/STM32WLxx_HAL_Driver/Src/stm32wlxx_hal_rcc_ex.o
 .text.LL_RCC_SetADCClockSource
                0x0000000008004022       0x2a ./Drivers/STM32WLxx_HAL_Driver/Src/stm32wlxx_hal_rcc_ex.o
 .text.LL_RCC_SetRTCClockSource
                0x000000000800404c       0x2a ./Drivers/STM32WLxx_HAL_Driver/Src/stm32wlxx_hal_rcc_ex.o
 .text.LL_RCC_GetRTCClockSource
                0x0000000008004076       0x18 ./Drivers/STM32WLxx_HAL_Driver/Src/stm32wlxx_hal_rcc_ex.o
 .text.LL_RCC_ForceBackupDomainReset
                0x000000000800408e       0x20 ./Drivers/STM32WLxx_HAL_Driver/Src/stm32wlxx_hal_rcc_ex.o
 .text.LL_RCC_ReleaseBackupDomainReset
                0x00000000080040ae       0x20 ./Drivers/STM32WLxx_HAL_Driver/Src/stm32wlxx_hal_rcc_ex.o
 *fill*         0x00000000080040ce        0x2 
 .text.HAL_RCCEx_PeriphCLKConfig
                0x00000000080040d0      0x234 ./Drivers/STM32WLxx_HAL_Driver/Src/stm32wlxx_hal_rcc_ex.o
                0x00000000080040d0                HAL_RCCEx_PeriphCLKConfig
 .text.HAL_RTC_Init
                0x0000000008004304      0x104 ./Drivers/STM32WLxx_HAL_Driver/Src/stm32wlxx_hal_rtc.o
                0x0000000008004304                HAL_RTC_Init
 .text.HAL_RTC_SetTime
                0x0000000008004408      0x138 ./Drivers/STM32WLxx_HAL_Driver/Src/stm32wlxx_hal_rtc.o
                0x0000000008004408                HAL_RTC_SetTime
 .text.HAL_RTC_GetTime
                0x0000000008004540       0xc4 ./Drivers/STM32WLxx_HAL_Driver/Src/stm32wlxx_hal_rtc.o
                0x0000000008004540                HAL_RTC_GetTime
 .text.HAL_RTC_SetDate
                0x0000000008004604      0x10c ./Drivers/STM32WLxx_HAL_Driver/Src/stm32wlxx_hal_rtc.o
                0x0000000008004604                HAL_RTC_SetDate
 .text.HAL_RTC_GetDate
                0x0000000008004710       0x9c ./Drivers/STM32WLxx_HAL_Driver/Src/stm32wlxx_hal_rtc.o
                0x0000000008004710                HAL_RTC_GetDate
 .text.HAL_RTC_WaitForSynchro
                0x00000000080047ac       0x4c ./Drivers/STM32WLxx_HAL_Driver/Src/stm32wlxx_hal_rtc.o
                0x00000000080047ac                HAL_RTC_WaitForSynchro
 .text.RTC_EnterInitMode
                0x00000000080047f8       0x68 ./Drivers/STM32WLxx_HAL_Driver/Src/stm32wlxx_hal_rtc.o
                0x00000000080047f8                RTC_EnterInitMode
 .text.RTC_ExitInitMode
                0x0000000008004860       0x7c ./Drivers/STM32WLxx_HAL_Driver/Src/stm32wlxx_hal_rtc.o
                0x0000000008004860                RTC_ExitInitMode
 .text.RTC_ByteToBcd2
                0x00000000080048dc       0x3e ./Drivers/STM32WLxx_HAL_Driver/Src/stm32wlxx_hal_rtc.o
                0x00000000080048dc                RTC_ByteToBcd2
 .text.RTC_Bcd2ToByte
                0x000000000800491a       0x36 ./Drivers/STM32WLxx_HAL_Driver/Src/stm32wlxx_hal_rtc.o
                0x000000000800491a                RTC_Bcd2ToByte
 .text.HAL_SPI_Init
                0x0000000008004950      0x1a8 ./Drivers/STM32WLxx_HAL_Driver/Src/stm32wlxx_hal_spi.o
                0x0000000008004950                HAL_SPI_Init
 .text.HAL_SPI_Transmit
                0x0000000008004af8      0x320 ./Drivers/STM32WLxx_HAL_Driver/Src/stm32wlxx_hal_spi.o
                0x0000000008004af8                HAL_SPI_Transmit
 .text.HAL_SPI_Receive
                0x0000000008004e18      0x3d2 ./Drivers/STM32WLxx_HAL_Driver/Src/stm32wlxx_hal_spi.o
                0x0000000008004e18                HAL_SPI_Receive
 .text.HAL_SPI_TransmitReceive
                0x00000000080051ea      0x5c8 ./Drivers/STM32WLxx_HAL_Driver/Src/stm32wlxx_hal_spi.o
                0x00000000080051ea                HAL_SPI_TransmitReceive
 *fill*         0x00000000080057b2        0x2 
 .text.SPI_WaitFlagStateUntilTimeout
                0x00000000080057b4      0x110 ./Drivers/STM32WLxx_HAL_Driver/Src/stm32wlxx_hal_spi.o
 .text.SPI_WaitFifoStateUntilTimeout
                0x00000000080058c4      0x12c ./Drivers/STM32WLxx_HAL_Driver/Src/stm32wlxx_hal_spi.o
 .text.SPI_EndRxTransaction
                0x00000000080059f0       0xb0 ./Drivers/STM32WLxx_HAL_Driver/Src/stm32wlxx_hal_spi.o
 .text.SPI_EndRxTxTransaction
                0x0000000008005aa0       0x8c ./Drivers/STM32WLxx_HAL_Driver/Src/stm32wlxx_hal_spi.o
 .text.HAL_TIM_Base_Init
                0x0000000008005b2c       0xae ./Drivers/STM32WLxx_HAL_Driver/Src/stm32wlxx_hal_tim.o
                0x0000000008005b2c                HAL_TIM_Base_Init
 *fill*         0x0000000008005bda        0x2 
 .text.HAL_TIM_Base_Start
                0x0000000008005bdc       0x88 ./Drivers/STM32WLxx_HAL_Driver/Src/stm32wlxx_hal_tim.o
                0x0000000008005bdc                HAL_TIM_Base_Start
 .text.HAL_TIM_ConfigClockSource
                0x0000000008005c64      0x192 ./Drivers/STM32WLxx_HAL_Driver/Src/stm32wlxx_hal_tim.o
                0x0000000008005c64                HAL_TIM_ConfigClockSource
 *fill*         0x0000000008005df6        0x2 
 .text.TIM_Base_SetConfig
                0x0000000008005df8       0xc4 ./Drivers/STM32WLxx_HAL_Driver/Src/stm32wlxx_hal_tim.o
                0x0000000008005df8                TIM_Base_SetConfig
 .text.TIM_TI1_ConfigInputStage
                0x0000000008005ebc       0x5c ./Drivers/STM32WLxx_HAL_Driver/Src/stm32wlxx_hal_tim.o
 .text.TIM_TI2_ConfigInputStage
                0x0000000008005f18       0x5e ./Drivers/STM32WLxx_HAL_Driver/Src/stm32wlxx_hal_tim.o
 .text.TIM_ITRx_SetConfig
                0x0000000008005f76       0x38 ./Drivers/STM32WLxx_HAL_Driver/Src/stm32wlxx_hal_tim.o
 .text.TIM_ETR_SetConfig
                0x0000000008005fae       0x3e ./Drivers/STM32WLxx_HAL_Driver/Src/stm32wlxx_hal_tim.o
                0x0000000008005fae                TIM_ETR_SetConfig
 .text.HAL_TIMEx_MasterConfigSynchronization
                0x0000000008005fec       0xbc ./Drivers/STM32WLxx_HAL_Driver/Src/stm32wlxx_hal_tim_ex.o
                0x0000000008005fec                HAL_TIMEx_MasterConfigSynchronization
 .text.LL_RCC_GetUSARTClockSource
                0x00000000080060a8       0x24 ./Drivers/STM32WLxx_HAL_Driver/Src/stm32wlxx_hal_uart.o
 .text.LL_RCC_GetLPUARTClockSource
                0x00000000080060cc       0x1e ./Drivers/STM32WLxx_HAL_Driver/Src/stm32wlxx_hal_uart.o
 .text.HAL_UART_Init
                0x00000000080060ea       0xa0 ./Drivers/STM32WLxx_HAL_Driver/Src/stm32wlxx_hal_uart.o
                0x00000000080060ea                HAL_UART_Init
 .text.HAL_UART_Transmit
                0x000000000800618a      0x10c ./Drivers/STM32WLxx_HAL_Driver/Src/stm32wlxx_hal_uart.o
                0x000000000800618a                HAL_UART_Transmit
 .text.HAL_UART_Receive
                0x0000000008006296      0x188 ./Drivers/STM32WLxx_HAL_Driver/Src/stm32wlxx_hal_uart.o
                0x0000000008006296                HAL_UART_Receive
 *fill*         0x000000000800641e        0x2 
 .text.HAL_UART_IRQHandler
                0x0000000008006420      0x648 ./Drivers/STM32WLxx_HAL_Driver/Src/stm32wlxx_hal_uart.o
                0x0000000008006420                HAL_UART_IRQHandler
 .text.HAL_UART_TxCpltCallback
                0x0000000008006a68       0x12 ./Drivers/STM32WLxx_HAL_Driver/Src/stm32wlxx_hal_uart.o
                0x0000000008006a68                HAL_UART_TxCpltCallback
 .text.HAL_UART_ErrorCallback
                0x0000000008006a7a       0x12 ./Drivers/STM32WLxx_HAL_Driver/Src/stm32wlxx_hal_uart.o
                0x0000000008006a7a                HAL_UART_ErrorCallback
 .text.HAL_UARTEx_RxEventCallback
                0x0000000008006a8c       0x16 ./Drivers/STM32WLxx_HAL_Driver/Src/stm32wlxx_hal_uart.o
                0x0000000008006a8c                HAL_UARTEx_RxEventCallback
 *fill*         0x0000000008006aa2        0x2 
 .text.UART_SetConfig
                0x0000000008006aa4      0x4e8 ./Drivers/STM32WLxx_HAL_Driver/Src/stm32wlxx_hal_uart.o
                0x0000000008006aa4                UART_SetConfig
 .text.UART_AdvFeatureConfig
                0x0000000008006f8c      0x142 ./Drivers/STM32WLxx_HAL_Driver/Src/stm32wlxx_hal_uart.o
                0x0000000008006f8c                UART_AdvFeatureConfig
 .text.UART_CheckIdleState
                0x00000000080070ce       0x9c ./Drivers/STM32WLxx_HAL_Driver/Src/stm32wlxx_hal_uart.o
                0x00000000080070ce                UART_CheckIdleState
 .text.UART_WaitOnFlagUntilTimeout
                0x000000000800716a      0x190 ./Drivers/STM32WLxx_HAL_Driver/Src/stm32wlxx_hal_uart.o
                0x000000000800716a                UART_WaitOnFlagUntilTimeout
 .text.UART_EndRxTransfer
                0x00000000080072fa       0xca ./Drivers/STM32WLxx_HAL_Driver/Src/stm32wlxx_hal_uart.o
 .text.UART_DMAAbortOnError
                0x00000000080073c4       0x2c ./Drivers/STM32WLxx_HAL_Driver/Src/stm32wlxx_hal_uart.o
 .text.UART_EndTransmit_IT
                0x00000000080073f0       0x56 ./Drivers/STM32WLxx_HAL_Driver/Src/stm32wlxx_hal_uart.o
 .text.HAL_UARTEx_WakeupCallback
                0x0000000008007446       0x12 ./Drivers/STM32WLxx_HAL_Driver/Src/stm32wlxx_hal_uart_ex.o
                0x0000000008007446                HAL_UARTEx_WakeupCallback
 .text.HAL_UARTEx_RxFifoFullCallback
                0x0000000008007458       0x12 ./Drivers/STM32WLxx_HAL_Driver/Src/stm32wlxx_hal_uart_ex.o
                0x0000000008007458                HAL_UARTEx_RxFifoFullCallback
 .text.HAL_UARTEx_TxFifoEmptyCallback
                0x000000000800746a       0x12 ./Drivers/STM32WLxx_HAL_Driver/Src/stm32wlxx_hal_uart_ex.o
                0x000000000800746a                HAL_UARTEx_TxFifoEmptyCallback
 .text.HAL_UARTEx_DisableFifoMode
                0x000000000800747c       0x70 ./Drivers/STM32WLxx_HAL_Driver/Src/stm32wlxx_hal_uart_ex.o
                0x000000000800747c                HAL_UARTEx_DisableFifoMode
 .text.HAL_UARTEx_SetTxFifoThreshold
                0x00000000080074ec       0x7c ./Drivers/STM32WLxx_HAL_Driver/Src/stm32wlxx_hal_uart_ex.o
                0x00000000080074ec                HAL_UARTEx_SetTxFifoThreshold
 .text.HAL_UARTEx_SetRxFifoThreshold
                0x0000000008007568       0x7c ./Drivers/STM32WLxx_HAL_Driver/Src/stm32wlxx_hal_uart_ex.o
                0x0000000008007568                HAL_UARTEx_SetRxFifoThreshold
 .text.UARTEx_SetNbDataToProcess
                0x00000000080075e4       0x98 ./Drivers/STM32WLxx_HAL_Driver/Src/stm32wlxx_hal_uart_ex.o
 .text._vsnprintf_r
                0x000000000800767c       0x56 /Applications/STM32CubeIDE.app/Contents/Eclipse/plugins/com.st.stm32cube.ide.mcu.externaltools.gnu-tools-for-stm32.11.3.rel1.macos64_1.1.0.202305231506/tools/bin/../lib/gcc/arm-none-eabi/11.3.1/../../../../arm-none-eabi/lib/thumb/v7e-m/nofp/libc_nano.a(libc_a-vsnprintf.o)
                0x000000000800767c                _vsnprintf_r
                0x000000000800767c                _vsniprintf_r
 *fill*         0x00000000080076d2        0x2 
 .text.vsnprintf
                0x00000000080076d4       0x1c /Applications/STM32CubeIDE.app/Contents/Eclipse/plugins/com.st.stm32cube.ide.mcu.externaltools.gnu-tools-for-stm32.11.3.rel1.macos64_1.1.0.202305231506/tools/bin/../lib/gcc/arm-none-eabi/11.3.1/../../../../arm-none-eabi/lib/thumb/v7e-m/nofp/libc_nano.a(libc_a-vsnprintf.o)
                0x00000000080076d4                vsnprintf
                0x00000000080076d4                vsniprintf
 .text.memset   0x00000000080076f0       0x10 /Applications/STM32CubeIDE.app/Contents/Eclipse/plugins/com.st.stm32cube.ide.mcu.externaltools.gnu-tools-for-stm32.11.3.rel1.macos64_1.1.0.202305231506/tools/bin/../lib/gcc/arm-none-eabi/11.3.1/../../../../arm-none-eabi/lib/thumb/v7e-m/nofp/libc_nano.a(libc_a-memset.o)
                0x00000000080076f0                memset
 .text.__errno  0x0000000008007700        0xc /Applications/STM32CubeIDE.app/Contents/Eclipse/plugins/com.st.stm32cube.ide.mcu.externaltools.gnu-tools-for-stm32.11.3.rel1.macos64_1.1.0.202305231506/tools/bin/../lib/gcc/arm-none-eabi/11.3.1/../../../../arm-none-eabi/lib/thumb/v7e-m/nofp/libc_nano.a(libc_a-errno.o)
                0x0000000008007700                __errno
 .text.__libc_init_array
                0x000000000800770c       0x48 /Applications/STM32CubeIDE.app/Contents/Eclipse/plugins/com.st.stm32cube.ide.mcu.externaltools.gnu-tools-for-stm32.11.3.rel1.macos64_1.1.0.202305231506/tools/bin/../lib/gcc/arm-none-eabi/11.3.1/../../../../arm-none-eabi/lib/thumb/v7e-m/nofp/libc_nano.a(libc_a-init.o)
                0x000000000800770c                __libc_init_array
 .text.__retarget_lock_acquire_recursive
                0x0000000008007754        0x2 /Applications/STM32CubeIDE.app/Contents/Eclipse/plugins/com.st.stm32cube.ide.mcu.externaltools.gnu-tools-for-stm32.11.3.rel1.macos64_1.1.0.202305231506/tools/bin/../lib/gcc/arm-none-eabi/11.3.1/../../../../arm-none-eabi/lib/thumb/v7e-m/nofp/libc_nano.a(libc_a-lock.o)
                0x0000000008007754                __retarget_lock_acquire_recursive
 .text.__retarget_lock_release_recursive
                0x0000000008007756        0x2 /Applications/STM32CubeIDE.app/Contents/Eclipse/plugins/com.st.stm32cube.ide.mcu.externaltools.gnu-tools-for-stm32.11.3.rel1.macos64_1.1.0.202305231506/tools/bin/../lib/gcc/arm-none-eabi/11.3.1/../../../../arm-none-eabi/lib/thumb/v7e-m/nofp/libc_nano.a(libc_a-lock.o)
                0x0000000008007756                __retarget_lock_release_recursive
 .text.__ssputs_r
                0x0000000008007758       0xb4 /Applications/STM32CubeIDE.app/Contents/Eclipse/plugins/com.st.stm32cube.ide.mcu.externaltools.gnu-tools-for-stm32.11.3.rel1.macos64_1.1.0.202305231506/tools/bin/../lib/gcc/arm-none-eabi/11.3.1/../../../../arm-none-eabi/lib/thumb/v7e-m/nofp/libc_nano.a(libc_a-nano-svfprintf.o)
                0x0000000008007758                __ssputs_r
 .text._svfprintf_r
                0x000000000800780c      0x1fc /Applications/STM32CubeIDE.app/Contents/Eclipse/plugins/com.st.stm32cube.ide.mcu.externaltools.gnu-tools-for-stm32.11.3.rel1.macos64_1.1.0.202305231506/tools/bin/../lib/gcc/arm-none-eabi/11.3.1/../../../../arm-none-eabi/lib/thumb/v7e-m/nofp/libc_nano.a(libc_a-nano-svfprintf.o)
                0x000000000800780c                _svfprintf_r
                0x000000000800780c                _svfiprintf_r
 .text.sbrk_aligned
                0x0000000008007a08       0x40 /Applications/STM32CubeIDE.app/Contents/Eclipse/plugins/com.st.stm32cube.ide.mcu.externaltools.gnu-tools-for-stm32.11.3.rel1.macos64_1.1.0.202305231506/tools/bin/../lib/gcc/arm-none-eabi/11.3.1/../../../../arm-none-eabi/lib/thumb/v7e-m/nofp/libc_nano.a(libc_a-mallocr.o)
 .text._malloc_r
                0x0000000008007a48      0x100 /Applications/STM32CubeIDE.app/Contents/Eclipse/plugins/com.st.stm32cube.ide.mcu.externaltools.gnu-tools-for-stm32.11.3.rel1.macos64_1.1.0.202305231506/tools/bin/../lib/gcc/arm-none-eabi/11.3.1/../../../../arm-none-eabi/lib/thumb/v7e-m/nofp/libc_nano.a(libc_a-mallocr.o)
                0x0000000008007a48                _malloc_r
 .text._printf_common
                0x0000000008007b48       0xda /Applications/STM32CubeIDE.app/Contents/Eclipse/plugins/com.st.stm32cube.ide.mcu.externaltools.gnu-tools-for-stm32.11.3.rel1.macos64_1.1.0.202305231506/tools/bin/../lib/gcc/arm-none-eabi/11.3.1/../../../../arm-none-eabi/lib/thumb/v7e-m/nofp/libc_nano.a(libc_a-nano-vfprintf_i.o)
                0x0000000008007b48                _printf_common
 *fill*         0x0000000008007c22        0x2 
 .text._printf_i
                0x0000000008007c24      0x244 /Applications/STM32CubeIDE.app/Contents/Eclipse/plugins/com.st.stm32cube.ide.mcu.externaltools.gnu-tools-for-stm32.11.3.rel1.macos64_1.1.0.202305231506/tools/bin/../lib/gcc/arm-none-eabi/11.3.1/../../../../arm-none-eabi/lib/thumb/v7e-m/nofp/libc_nano.a(libc_a-nano-vfprintf_i.o)
                0x0000000008007c24                _printf_i
 .text.__malloc_lock
                0x0000000008007e68        0xc /Applications/STM32CubeIDE.app/Contents/Eclipse/plugins/com.st.stm32cube.ide.mcu.externaltools.gnu-tools-for-stm32.11.3.rel1.macos64_1.1.0.202305231506/tools/bin/../lib/gcc/arm-none-eabi/11.3.1/../../../../arm-none-eabi/lib/thumb/v7e-m/nofp/libc_nano.a(libc_a-mlock.o)
                0x0000000008007e68                __malloc_lock
 .text.__malloc_unlock
                0x0000000008007e74        0xc /Applications/STM32CubeIDE.app/Contents/Eclipse/plugins/com.st.stm32cube.ide.mcu.externaltools.gnu-tools-for-stm32.11.3.rel1.macos64_1.1.0.202305231506/tools/bin/../lib/gcc/arm-none-eabi/11.3.1/../../../../arm-none-eabi/lib/thumb/v7e-m/nofp/libc_nano.a(libc_a-mlock.o)
                0x0000000008007e74                __malloc_unlock
 .text._realloc_r
                0x0000000008007e80       0x5e /Applications/STM32CubeIDE.app/Contents/Eclipse/plugins/com.st.stm32cube.ide.mcu.externaltools.gnu-tools-for-stm32.11.3.rel1.macos64_1.1.0.202305231506/tools/bin/../lib/gcc/arm-none-eabi/11.3.1/../../../../arm-none-eabi/lib/thumb/v7e-m/nofp/libc_nano.a(libc_a-reallocr.o)
                0x0000000008007e80                _realloc_r
 .text.memmove  0x0000000008007ede       0x34 /Applications/STM32CubeIDE.app/Contents/Eclipse/plugins/com.st.stm32cube.ide.mcu.externaltools.gnu-tools-for-stm32.11.3.rel1.macos64_1.1.0.202305231506/tools/bin/../lib/gcc/arm-none-eabi/11.3.1/../../../../arm-none-eabi/lib/thumb/v7e-m/nofp/libc_nano.a(libc_a-memmove.o)
                0x0000000008007ede                memmove
 *fill*         0x0000000008007f12        0x2 
 .text._sbrk_r  0x0000000008007f14       0x20 /Applications/STM32CubeIDE.app/Contents/Eclipse/plugins/com.st.stm32cube.ide.mcu.externaltools.gnu-tools-for-stm32.11.3.rel1.macos64_1.1.0.202305231506/tools/bin/../lib/gcc/arm-none-eabi/11.3.1/../../../../arm-none-eabi/lib/thumb/v7e-m/nofp/libc_nano.a(libc_a-sbrkr.o)
                0x0000000008007f14                _sbrk_r
 .text.memcpy   0x0000000008007f34       0x1c /Applications/STM32CubeIDE.app/Contents/Eclipse/plugins/com.st.stm32cube.ide.mcu.externaltools.gnu-tools-for-stm32.11.3.rel1.macos64_1.1.0.202305231506/tools/bin/../lib/gcc/arm-none-eabi/11.3.1/../../../../arm-none-eabi/lib/thumb/v7e-m/nofp/libc_nano.a(libc_a-memcpy-stub.o)
                0x0000000008007f34                memcpy
 .text._free_r  0x0000000008007f50       0x94 /Applications/STM32CubeIDE.app/Contents/Eclipse/plugins/com.st.stm32cube.ide.mcu.externaltools.gnu-tools-for-stm32.11.3.rel1.macos64_1.1.0.202305231506/tools/bin/../lib/gcc/arm-none-eabi/11.3.1/../../../../arm-none-eabi/lib/thumb/v7e-m/nofp/libc_nano.a(libc_a-freer.o)
                0x0000000008007f50                _free_r
 .text._malloc_usable_size_r
                0x0000000008007fe4       0x10 /Applications/STM32CubeIDE.app/Contents/Eclipse/plugins/com.st.stm32cube.ide.mcu.externaltools.gnu-tools-for-stm32.11.3.rel1.macos64_1.1.0.202305231506/tools/bin/../lib/gcc/arm-none-eabi/11.3.1/../../../../arm-none-eabi/lib/thumb/v7e-m/nofp/libc_nano.a(libc_a-msizer.o)
                0x0000000008007fe4                _malloc_usable_size_r
 *(.glue_7)
 .glue_7        0x0000000008007ff4        0x0 linker stubs
 *(.glue_7t)
 .glue_7t       0x0000000008007ff4        0x0 linker stubs
 *(.eh_frame)
 .eh_frame      0x0000000008007ff4        0x0 /Applications/STM32CubeIDE.app/Contents/Eclipse/plugins/com.st.stm32cube.ide.mcu.externaltools.gnu-tools-for-stm32.11.3.rel1.macos64_1.1.0.202305231506/tools/bin/../lib/gcc/arm-none-eabi/11.3.1/thumb/v7e-m/nofp/crtbegin.o
 *(.init)
 .init          0x0000000008007ff4        0x4 /Applications/STM32CubeIDE.app/Contents/Eclipse/plugins/com.st.stm32cube.ide.mcu.externaltools.gnu-tools-for-stm32.11.3.rel1.macos64_1.1.0.202305231506/tools/bin/../lib/gcc/arm-none-eabi/11.3.1/thumb/v7e-m/nofp/crti.o
                0x0000000008007ff4                _init
 .init          0x0000000008007ff8        0x8 /Applications/STM32CubeIDE.app/Contents/Eclipse/plugins/com.st.stm32cube.ide.mcu.externaltools.gnu-tools-for-stm32.11.3.rel1.macos64_1.1.0.202305231506/tools/bin/../lib/gcc/arm-none-eabi/11.3.1/thumb/v7e-m/nofp/crtn.o
 *(.fini)
 .fini          0x0000000008008000        0x4 /Applications/STM32CubeIDE.app/Contents/Eclipse/plugins/com.st.stm32cube.ide.mcu.externaltools.gnu-tools-for-stm32.11.3.rel1.macos64_1.1.0.202305231506/tools/bin/../lib/gcc/arm-none-eabi/11.3.1/thumb/v7e-m/nofp/crti.o
                0x0000000008008000                _fini
 .fini          0x0000000008008004        0x8 /Applications/STM32CubeIDE.app/Contents/Eclipse/plugins/com.st.stm32cube.ide.mcu.externaltools.gnu-tools-for-stm32.11.3.rel1.macos64_1.1.0.202305231506/tools/bin/../lib/gcc/arm-none-eabi/11.3.1/thumb/v7e-m/nofp/crtn.o
                0x000000000800800c                . = ALIGN (0x4)
                0x000000000800800c                _etext = .

.vfp11_veneer   0x000000000800800c        0x0
 .vfp11_veneer  0x000000000800800c        0x0 linker stubs

.v4_bx          0x000000000800800c        0x0
 .v4_bx         0x000000000800800c        0x0 linker stubs

.iplt           0x000000000800800c        0x0
 .iplt          0x000000000800800c        0x0 /Applications/STM32CubeIDE.app/Contents/Eclipse/plugins/com.st.stm32cube.ide.mcu.externaltools.gnu-tools-for-stm32.11.3.rel1.macos64_1.1.0.202305231506/tools/bin/../lib/gcc/arm-none-eabi/11.3.1/thumb/v7e-m/nofp/crtbegin.o

.rodata         0x000000000800800c      0x484
                0x000000000800800c                . = ALIGN (0x4)
 *(.rodata)
 .rodata        0x000000000800800c      0x218 ./Core/Src/main.o
 .rodata        0x0000000008008224      0x151 ./Core/Src/obc_interface.o
 *fill*         0x0000000008008375        0x3 
 .rodata        0x0000000008008378       0x1c ./Drivers/STM32WLxx_HAL_Driver/Src/stm32wlxx_hal_rcc.o
 *(.rodata*)
 .rodata.AHBPrescTable
                0x0000000008008394       0x40 ./Core/Src/system_stm32wlxx.o
                0x0000000008008394                AHBPrescTable
 .rodata.APBPrescTable
                0x00000000080083d4       0x20 ./Core/Src/system_stm32wlxx.o
                0x00000000080083d4                APBPrescTable
 .rodata.MSIRangeTable
                0x00000000080083f4       0x40 ./Core/Src/system_stm32wlxx.o
                0x00000000080083f4                MSIRangeTable
 .rodata.UARTPrescTable
                0x0000000008008434       0x18 ./Drivers/STM32WLxx_HAL_Driver/Src/stm32wlxx_hal_uart.o
                0x0000000008008434                UARTPrescTable
 .rodata.numerator.1
                0x000000000800844c        0x8 ./Drivers/STM32WLxx_HAL_Driver/Src/stm32wlxx_hal_uart_ex.o
 .rodata.denominator.0
                0x0000000008008454        0x8 ./Drivers/STM32WLxx_HAL_Driver/Src/stm32wlxx_hal_uart_ex.o
 .rodata._svfprintf_r.str1.1
                0x000000000800845c       0x11 /Applications/STM32CubeIDE.app/Contents/Eclipse/plugins/com.st.stm32cube.ide.mcu.externaltools.gnu-tools-for-stm32.11.3.rel1.macos64_1.1.0.202305231506/tools/bin/../lib/gcc/arm-none-eabi/11.3.1/../../../../arm-none-eabi/lib/thumb/v7e-m/nofp/libc_nano.a(libc_a-nano-svfprintf.o)
 .rodata._printf_i.str1.1
                0x000000000800846d       0x22 /Applications/STM32CubeIDE.app/Contents/Eclipse/plugins/com.st.stm32cube.ide.mcu.externaltools.gnu-tools-for-stm32.11.3.rel1.macos64_1.1.0.202305231506/tools/bin/../lib/gcc/arm-none-eabi/11.3.1/../../../../arm-none-eabi/lib/thumb/v7e-m/nofp/libc_nano.a(libc_a-nano-vfprintf_i.o)
                0x0000000008008490                . = ALIGN (0x4)
 *fill*         0x000000000800848f        0x1 

.ARM.extab      0x0000000008008490        0x0
                0x0000000008008490                . = ALIGN (0x4)
 *(.ARM.extab* .gnu.linkonce.armextab.*)
                0x0000000008008490                . = ALIGN (0x4)

.ARM            0x0000000008008490        0x8
                0x0000000008008490                . = ALIGN (0x4)
                0x0000000008008490                __exidx_start = .
 *(.ARM.exidx*)
 .ARM.exidx     0x0000000008008490        0x8 /Applications/STM32CubeIDE.app/Contents/Eclipse/plugins/com.st.stm32cube.ide.mcu.externaltools.gnu-tools-for-stm32.11.3.rel1.macos64_1.1.0.202305231506/tools/bin/../lib/gcc/arm-none-eabi/11.3.1/thumb/v7e-m/nofp/libgcc.a(_udivmoddi4.o)
                0x0000000008008498                __exidx_end = .
                0x0000000008008498                . = ALIGN (0x4)

.rel.dyn        0x0000000008008498        0x0
 .rel.iplt      0x0000000008008498        0x0 /Applications/STM32CubeIDE.app/Contents/Eclipse/plugins/com.st.stm32cube.ide.mcu.externaltools.gnu-tools-for-stm32.11.3.rel1.macos64_1.1.0.202305231506/tools/bin/../lib/gcc/arm-none-eabi/11.3.1/thumb/v7e-m/nofp/crtbegin.o

.preinit_array  0x0000000008008498        0x0
                0x0000000008008498                . = ALIGN (0x4)
                0x0000000008008498                PROVIDE (__preinit_array_start = .)
 *(.preinit_array*)
                0x0000000008008498                PROVIDE (__preinit_array_end = .)
                0x0000000008008498                . = ALIGN (0x4)

.init_array     0x0000000008008498        0x4
                0x0000000008008498                . = ALIGN (0x4)
                0x0000000008008498                PROVIDE (__init_array_start = .)
 *(SORT_BY_NAME(.init_array.*))
 *(.init_array*)
 .init_array    0x0000000008008498        0x4 /Applications/STM32CubeIDE.app/Contents/Eclipse/plugins/com.st.stm32cube.ide.mcu.externaltools.gnu-tools-for-stm32.11.3.rel1.macos64_1.1.0.202305231506/tools/bin/../lib/gcc/arm-none-eabi/11.3.1/thumb/v7e-m/nofp/crtbegin.o
                0x000000000800849c                PROVIDE (__init_array_end = .)
                0x000000000800849c                . = ALIGN (0x4)

.fini_array     0x000000000800849c        0x4
                0x000000000800849c                . = ALIGN (0x4)
                [!provide]                        PROVIDE (__fini_array_start = .)
 *(SORT_BY_NAME(.fini_array.*))
 *(.fini_array*)
 .fini_array    0x000000000800849c        0x4 /Applications/STM32CubeIDE.app/Contents/Eclipse/plugins/com.st.stm32cube.ide.mcu.externaltools.gnu-tools-for-stm32.11.3.rel1.macos64_1.1.0.202305231506/tools/bin/../lib/gcc/arm-none-eabi/11.3.1/thumb/v7e-m/nofp/crtbegin.o
                [!provide]                        PROVIDE (__fini_array_end = .)
                0x00000000080084a0                . = ALIGN (0x4)
                0x00000000080084a0                _sidata = LOADADDR (.data)

.data           0x0000000020000000       0x68 load address 0x00000000080084a0
                0x0000000020000000                . = ALIGN (0x4)
                0x0000000020000000                _sdata = .
 *(.data)
 *(.data*)
 .data.uhADCxConvertedData
                0x0000000020000000        0x2 ./Core/Src/adc.o
                0x0000000020000000                uhADCxConvertedData
 *fill*         0x0000000020000002        0x2 
 .data.NACK     0x0000000020000004        0x4 ./Core/Src/main.o
                0x0000000020000004                NACK
 .data.MSN_CMP  0x0000000020000008        0x4 ./Core/Src/main.o
                0x0000000020000008                MSN_CMP
 .data.SystemCoreClock
                0x000000002000000c        0x4 ./Core/Src/system_stm32wlxx.o
                0x000000002000000c                SystemCoreClock
 .data.uwTickPrio
                0x0000000020000010        0x4 ./Drivers/STM32WLxx_HAL_Driver/Src/stm32wlxx_hal.o
                0x0000000020000010                uwTickPrio
 .data.uwTickFreq
                0x0000000020000014        0x1 ./Drivers/STM32WLxx_HAL_Driver/Src/stm32wlxx_hal.o
                0x0000000020000014                uwTickFreq
 *fill*         0x0000000020000015        0x3 
 .data._impure_data
                0x0000000020000018       0x4c /Applications/STM32CubeIDE.app/Contents/Eclipse/plugins/com.st.stm32cube.ide.mcu.externaltools.gnu-tools-for-stm32.11.3.rel1.macos64_1.1.0.202305231506/tools/bin/../lib/gcc/arm-none-eabi/11.3.1/../../../../arm-none-eabi/lib/thumb/v7e-m/nofp/libc_nano.a(libc_a-impure.o)
                0x0000000020000018                _impure_data
 .data._impure_ptr
                0x0000000020000064        0x4 /Applications/STM32CubeIDE.app/Contents/Eclipse/plugins/com.st.stm32cube.ide.mcu.externaltools.gnu-tools-for-stm32.11.3.rel1.macos64_1.1.0.202305231506/tools/bin/../lib/gcc/arm-none-eabi/11.3.1/../../../../arm-none-eabi/lib/thumb/v7e-m/nofp/libc_nano.a(libc_a-impure.o)
                0x0000000020000064                _impure_ptr
 *(.RamFunc)
 *(.RamFunc*)
                0x0000000020000068                . = ALIGN (0x4)
                0x0000000020000068                _edata = .

.igot.plt       0x0000000020000068        0x0 load address 0x0000000008008508
 .igot.plt      0x0000000020000068        0x0 /Applications/STM32CubeIDE.app/Contents/Eclipse/plugins/com.st.stm32cube.ide.mcu.externaltools.gnu-tools-for-stm32.11.3.rel1.macos64_1.1.0.202305231506/tools/bin/../lib/gcc/arm-none-eabi/11.3.1/thumb/v7e-m/nofp/crtbegin.o
                0x0000000020000068                . = ALIGN (0x4)

.bss            0x0000000020000068      0x504 load address 0x0000000008008508
                0x0000000020000068                _sbss = .
                0x0000000020000068                __bss_start__ = _sbss
 *(.bss)
 .bss           0x0000000020000068       0x1c /Applications/STM32CubeIDE.app/Contents/Eclipse/plugins/com.st.stm32cube.ide.mcu.externaltools.gnu-tools-for-stm32.11.3.rel1.macos64_1.1.0.202305231506/tools/bin/../lib/gcc/arm-none-eabi/11.3.1/thumb/v7e-m/nofp/crtbegin.o
 *(.bss*)
 .bss.hADCxConvertedData_Temperature_DegreeCelsius
                0x0000000020000084        0x2 ./Core/Src/adc.o
                0x0000000020000084                hADCxConvertedData_Temperature_DegreeCelsius
 *fill*         0x0000000020000086        0x2 
 .bss.temp.0    0x0000000020000088       0x64 ./Core/Src/com_debug.o
 .bss.hadc      0x00000000200000ec       0x64 ./Core/Src/main.o
                0x00000000200000ec                hadc
 .bss.hrtc      0x0000000020000150       0x38 ./Core/Src/main.o
                0x0000000020000150                hrtc
 .bss.hspi2     0x0000000020000188       0x64 ./Core/Src/main.o
                0x0000000020000188                hspi2
 .bss.htim1     0x00000000200001ec       0x4c ./Core/Src/main.o
                0x00000000200001ec                htim1
 .bss.huart1    0x0000000020000238       0x94 ./Core/Src/main.o
                0x0000000020000238                huart1
 .bss.huart2    0x00000000200002cc       0x94 ./Core/Src/main.o
                0x00000000200002cc                huart2
 .bss.txBuffer  0x0000000020000360       0x20 ./Core/Src/main.o
                0x0000000020000360                txBuffer
 .bss.rxData    0x0000000020000380       0x20 ./Core/Src/main.o
                0x0000000020000380                rxData
 .bss.pkt_id    0x00000000200003a0        0x1 ./Core/Src/main.o
                0x00000000200003a0                pkt_id
 *fill*         0x00000000200003a1        0x3 
 .bss.FM_ID     0x00000000200003a4       0x14 ./Core/Src/main.o
                0x00000000200003a4                FM_ID
 .bss.present_address
                0x00000000200003b8        0x4 ./Core/Src/main.o
                0x00000000200003b8                present_address
 .bss.END_MSN   0x00000000200003bc        0xa ./Core/Src/main.o
                0x00000000200003bc                END_MSN
 *fill*         0x00000000200003c6        0x2 
 .bss.MSN_ERR   0x00000000200003c8        0xa ./Core/Src/main.o
                0x00000000200003c8                MSN_ERR
 *fill*         0x00000000200003d2        0x2 
 .bss.MAIN_CMD  0x00000000200003d4        0xf ./Core/Src/obc_interface.o
                0x00000000200003d4                MAIN_CMD
 .bss.MCU_ID    0x00000000200003e3        0x1 ./Core/Src/obc_interface.o
                0x00000000200003e3                MCU_ID
 .bss.MSN_CMD   0x00000000200003e4        0x4 ./Core/Src/obc_interface.o
                0x00000000200003e4                MSN_CMD
 .bss.MAIN_ADDR
                0x00000000200003e8        0x4 ./Core/Src/obc_interface.o
                0x00000000200003e8                MAIN_ADDR
 .bss.sTime     0x00000000200003ec       0x14 ./Core/Src/rtc.o
                0x00000000200003ec                sTime
 .bss.sDate     0x0000000020000400        0x4 ./Core/Src/rtc.o
                0x0000000020000400                sDate
 .bss.gTime     0x0000000020000404       0x14 ./Core/Src/rtc.o
                0x0000000020000404                gTime
 .bss.gDate     0x0000000020000418        0x4 ./Core/Src/rtc.o
                0x0000000020000418                gDate
 .bss.__sbrk_heap_end
                0x000000002000041c        0x4 ./Core/Src/sysmem.o
 .bss.uwTick    0x0000000020000420        0x4 ./Drivers/STM32WLxx_HAL_Driver/Src/stm32wlxx_hal.o
                0x0000000020000420                uwTick
 .bss.__sf      0x0000000020000424      0x138 /Applications/STM32CubeIDE.app/Contents/Eclipse/plugins/com.st.stm32cube.ide.mcu.externaltools.gnu-tools-for-stm32.11.3.rel1.macos64_1.1.0.202305231506/tools/bin/../lib/gcc/arm-none-eabi/11.3.1/../../../../arm-none-eabi/lib/thumb/v7e-m/nofp/libc_nano.a(libc_a-findfp.o)
                0x0000000020000424                __sf
 .bss.__lock___malloc_recursive_mutex
                0x000000002000055c        0x1 /Applications/STM32CubeIDE.app/Contents/Eclipse/plugins/com.st.stm32cube.ide.mcu.externaltools.gnu-tools-for-stm32.11.3.rel1.macos64_1.1.0.202305231506/tools/bin/../lib/gcc/arm-none-eabi/11.3.1/../../../../arm-none-eabi/lib/thumb/v7e-m/nofp/libc_nano.a(libc_a-lock.o)
                0x000000002000055c                __lock___malloc_recursive_mutex
 *fill*         0x000000002000055d        0x3 
 .bss.__malloc_free_list
                0x0000000020000560        0x4 /Applications/STM32CubeIDE.app/Contents/Eclipse/plugins/com.st.stm32cube.ide.mcu.externaltools.gnu-tools-for-stm32.11.3.rel1.macos64_1.1.0.202305231506/tools/bin/../lib/gcc/arm-none-eabi/11.3.1/../../../../arm-none-eabi/lib/thumb/v7e-m/nofp/libc_nano.a(libc_a-mallocr.o)
                0x0000000020000560                __malloc_free_list
 .bss.__malloc_sbrk_start
                0x0000000020000564        0x4 /Applications/STM32CubeIDE.app/Contents/Eclipse/plugins/com.st.stm32cube.ide.mcu.externaltools.gnu-tools-for-stm32.11.3.rel1.macos64_1.1.0.202305231506/tools/bin/../lib/gcc/arm-none-eabi/11.3.1/../../../../arm-none-eabi/lib/thumb/v7e-m/nofp/libc_nano.a(libc_a-mallocr.o)
                0x0000000020000564                __malloc_sbrk_start
 .bss.errno     0x0000000020000568        0x4 /Applications/STM32CubeIDE.app/Contents/Eclipse/plugins/com.st.stm32cube.ide.mcu.externaltools.gnu-tools-for-stm32.11.3.rel1.macos64_1.1.0.202305231506/tools/bin/../lib/gcc/arm-none-eabi/11.3.1/../../../../arm-none-eabi/lib/thumb/v7e-m/nofp/libc_nano.a(libc_a-reent.o)
                0x0000000020000568                errno
 *(COMMON)
                0x000000002000056c                . = ALIGN (0x4)
                0x000000002000056c                _ebss = .
                0x000000002000056c                __bss_end__ = _ebss

._user_heap_stack
                0x000000002000056c      0x604 load address 0x0000000008008508
                0x0000000020000570                . = ALIGN (0x8)
 *fill*         0x000000002000056c        0x4 
                [!provide]                        PROVIDE (end = .)
                0x0000000020000570                PROVIDE (_end = .)
                0x0000000020000770                . = (. + _Min_Heap_Size)
 *fill*         0x0000000020000570      0x200 
                0x0000000020000b70                . = (. + _Min_Stack_Size)
 *fill*         0x0000000020000770      0x400 
                0x0000000020000b70                . = ALIGN (0x8)

/DISCARD/
 libc.a(*)
 libm.a(*)
 libgcc.a(*)

.ARM.attributes
                0x0000000000000000       0x2a
 *(.ARM.attributes)
 .ARM.attributes
                0x0000000000000000       0x1e /Applications/STM32CubeIDE.app/Contents/Eclipse/plugins/com.st.stm32cube.ide.mcu.externaltools.gnu-tools-for-stm32.11.3.rel1.macos64_1.1.0.202305231506/tools/bin/../lib/gcc/arm-none-eabi/11.3.1/thumb/v7e-m/nofp/crti.o
 .ARM.attributes
                0x000000000000001e       0x2e /Applications/STM32CubeIDE.app/Contents/Eclipse/plugins/com.st.stm32cube.ide.mcu.externaltools.gnu-tools-for-stm32.11.3.rel1.macos64_1.1.0.202305231506/tools/bin/../lib/gcc/arm-none-eabi/11.3.1/thumb/v7e-m/nofp/crtbegin.o
 .ARM.attributes
                0x000000000000004c       0x2e ./Core/Src/adc.o
 .ARM.attributes
                0x000000000000007a       0x2e ./Core/Src/com_debug.o
 .ARM.attributes
                0x00000000000000a8       0x2e ./Core/Src/main.o
 .ARM.attributes
                0x00000000000000d6       0x2e ./Core/Src/obc_interface.o
 .ARM.attributes
                0x0000000000000104       0x2e ./Core/Src/rtc.o
 .ARM.attributes
                0x0000000000000132       0x2e ./Core/Src/s_flash_mem.o
 .ARM.attributes
                0x0000000000000160       0x2e ./Core/Src/stm32wlxx_hal_msp.o
 .ARM.attributes
                0x000000000000018e       0x2e ./Core/Src/stm32wlxx_it.o
 .ARM.attributes
                0x00000000000001bc       0x2e ./Core/Src/sysmem.o
 .ARM.attributes
                0x00000000000001ea       0x2e ./Core/Src/system_stm32wlxx.o
 .ARM.attributes
                0x0000000000000218       0x21 ./Core/Startup/startup_stm32wl55jcix.o
 .ARM.attributes
                0x0000000000000239       0x2e ./Drivers/STM32WLxx_HAL_Driver/Src/stm32wlxx_hal.o
 .ARM.attributes
                0x0000000000000267       0x2e ./Drivers/STM32WLxx_HAL_Driver/Src/stm32wlxx_hal_adc.o
 .ARM.attributes
                0x0000000000000295       0x2e ./Drivers/STM32WLxx_HAL_Driver/Src/stm32wlxx_hal_cortex.o
 .ARM.attributes
                0x00000000000002c3       0x2e ./Drivers/STM32WLxx_HAL_Driver/Src/stm32wlxx_hal_dma.o
 .ARM.attributes
                0x00000000000002f1       0x2e ./Drivers/STM32WLxx_HAL_Driver/Src/stm32wlxx_hal_gpio.o
 .ARM.attributes
                0x000000000000031f       0x2e ./Drivers/STM32WLxx_HAL_Driver/Src/stm32wlxx_hal_pwr.o
 .ARM.attributes
                0x000000000000034d       0x2e ./Drivers/STM32WLxx_HAL_Driver/Src/stm32wlxx_hal_pwr_ex.o
 .ARM.attributes
                0x000000000000037b       0x2e ./Drivers/STM32WLxx_HAL_Driver/Src/stm32wlxx_hal_rcc.o
 .ARM.attributes
                0x00000000000003a9       0x2e ./Drivers/STM32WLxx_HAL_Driver/Src/stm32wlxx_hal_rcc_ex.o
 .ARM.attributes
                0x00000000000003d7       0x2e ./Drivers/STM32WLxx_HAL_Driver/Src/stm32wlxx_hal_rtc.o
 .ARM.attributes
                0x0000000000000405       0x2e ./Drivers/STM32WLxx_HAL_Driver/Src/stm32wlxx_hal_spi.o
 .ARM.attributes
                0x0000000000000433       0x2e ./Drivers/STM32WLxx_HAL_Driver/Src/stm32wlxx_hal_tim.o
 .ARM.attributes
                0x0000000000000461       0x2e ./Drivers/STM32WLxx_HAL_Driver/Src/stm32wlxx_hal_tim_ex.o
 .ARM.attributes
                0x000000000000048f       0x2e ./Drivers/STM32WLxx_HAL_Driver/Src/stm32wlxx_hal_uart.o
 .ARM.attributes
                0x00000000000004bd       0x2e ./Drivers/STM32WLxx_HAL_Driver/Src/stm32wlxx_hal_uart_ex.o
 .ARM.attributes
                0x00000000000004eb       0x2e /Applications/STM32CubeIDE.app/Contents/Eclipse/plugins/com.st.stm32cube.ide.mcu.externaltools.gnu-tools-for-stm32.11.3.rel1.macos64_1.1.0.202305231506/tools/bin/../lib/gcc/arm-none-eabi/11.3.1/../../../../arm-none-eabi/lib/thumb/v7e-m/nofp/libc_nano.a(libc_a-findfp.o)
 .ARM.attributes
                0x0000000000000519       0x2e /Applications/STM32CubeIDE.app/Contents/Eclipse/plugins/com.st.stm32cube.ide.mcu.externaltools.gnu-tools-for-stm32.11.3.rel1.macos64_1.1.0.202305231506/tools/bin/../lib/gcc/arm-none-eabi/11.3.1/../../../../arm-none-eabi/lib/thumb/v7e-m/nofp/libc_nano.a(libc_a-vsnprintf.o)
 .ARM.attributes
                0x0000000000000547       0x2e /Applications/STM32CubeIDE.app/Contents/Eclipse/plugins/com.st.stm32cube.ide.mcu.externaltools.gnu-tools-for-stm32.11.3.rel1.macos64_1.1.0.202305231506/tools/bin/../lib/gcc/arm-none-eabi/11.3.1/../../../../arm-none-eabi/lib/thumb/v7e-m/nofp/libc_nano.a(libc_a-memset.o)
 .ARM.attributes
                0x0000000000000575       0x2e /Applications/STM32CubeIDE.app/Contents/Eclipse/plugins/com.st.stm32cube.ide.mcu.externaltools.gnu-tools-for-stm32.11.3.rel1.macos64_1.1.0.202305231506/tools/bin/../lib/gcc/arm-none-eabi/11.3.1/../../../../arm-none-eabi/lib/thumb/v7e-m/nofp/libc_nano.a(libc_a-impure.o)
 .ARM.attributes
                0x00000000000005a3       0x2e /Applications/STM32CubeIDE.app/Contents/Eclipse/plugins/com.st.stm32cube.ide.mcu.externaltools.gnu-tools-for-stm32.11.3.rel1.macos64_1.1.0.202305231506/tools/bin/../lib/gcc/arm-none-eabi/11.3.1/../../../../arm-none-eabi/lib/thumb/v7e-m/nofp/libc_nano.a(libc_a-errno.o)
 .ARM.attributes
                0x00000000000005d1       0x2e /Applications/STM32CubeIDE.app/Contents/Eclipse/plugins/com.st.stm32cube.ide.mcu.externaltools.gnu-tools-for-stm32.11.3.rel1.macos64_1.1.0.202305231506/tools/bin/../lib/gcc/arm-none-eabi/11.3.1/../../../../arm-none-eabi/lib/thumb/v7e-m/nofp/libc_nano.a(libc_a-init.o)
 .ARM.attributes
                0x00000000000005ff       0x2e /Applications/STM32CubeIDE.app/Contents/Eclipse/plugins/com.st.stm32cube.ide.mcu.externaltools.gnu-tools-for-stm32.11.3.rel1.macos64_1.1.0.202305231506/tools/bin/../lib/gcc/arm-none-eabi/11.3.1/../../../../arm-none-eabi/lib/thumb/v7e-m/nofp/libc_nano.a(libc_a-lock.o)
 .ARM.attributes
                0x000000000000062d       0x2e /Applications/STM32CubeIDE.app/Contents/Eclipse/plugins/com.st.stm32cube.ide.mcu.externaltools.gnu-tools-for-stm32.11.3.rel1.macos64_1.1.0.202305231506/tools/bin/../lib/gcc/arm-none-eabi/11.3.1/../../../../arm-none-eabi/lib/thumb/v7e-m/nofp/libc_nano.a(libc_a-nano-svfprintf.o)
 .ARM.attributes
                0x000000000000065b       0x2e /Applications/STM32CubeIDE.app/Contents/Eclipse/plugins/com.st.stm32cube.ide.mcu.externaltools.gnu-tools-for-stm32.11.3.rel1.macos64_1.1.0.202305231506/tools/bin/../lib/gcc/arm-none-eabi/11.3.1/../../../../arm-none-eabi/lib/thumb/v7e-m/nofp/libc_nano.a(libc_a-mallocr.o)
 .ARM.attributes
                0x0000000000000689       0x2e /Applications/STM32CubeIDE.app/Contents/Eclipse/plugins/com.st.stm32cube.ide.mcu.externaltools.gnu-tools-for-stm32.11.3.rel1.macos64_1.1.0.202305231506/tools/bin/../lib/gcc/arm-none-eabi/11.3.1/../../../../arm-none-eabi/lib/thumb/v7e-m/nofp/libc_nano.a(libc_a-nano-vfprintf_i.o)
 .ARM.attributes
                0x00000000000006b7       0x2e /Applications/STM32CubeIDE.app/Contents/Eclipse/plugins/com.st.stm32cube.ide.mcu.externaltools.gnu-tools-for-stm32.11.3.rel1.macos64_1.1.0.202305231506/tools/bin/../lib/gcc/arm-none-eabi/11.3.1/../../../../arm-none-eabi/lib/thumb/v7e-m/nofp/libc_nano.a(libc_a-mlock.o)
 .ARM.attributes
                0x00000000000006e5       0x2e /Applications/STM32CubeIDE.app/Contents/Eclipse/plugins/com.st.stm32cube.ide.mcu.externaltools.gnu-tools-for-stm32.11.3.rel1.macos64_1.1.0.202305231506/tools/bin/../lib/gcc/arm-none-eabi/11.3.1/../../../../arm-none-eabi/lib/thumb/v7e-m/nofp/libc_nano.a(libc_a-reallocr.o)
 .ARM.attributes
                0x0000000000000713       0x2e /Applications/STM32CubeIDE.app/Contents/Eclipse/plugins/com.st.stm32cube.ide.mcu.externaltools.gnu-tools-for-stm32.11.3.rel1.macos64_1.1.0.202305231506/tools/bin/../lib/gcc/arm-none-eabi/11.3.1/../../../../arm-none-eabi/lib/thumb/v7e-m/nofp/libc_nano.a(libc_a-memmove.o)
 .ARM.attributes
                0x0000000000000741       0x2e /Applications/STM32CubeIDE.app/Contents/Eclipse/plugins/com.st.stm32cube.ide.mcu.externaltools.gnu-tools-for-stm32.11.3.rel1.macos64_1.1.0.202305231506/tools/bin/../lib/gcc/arm-none-eabi/11.3.1/../../../../arm-none-eabi/lib/thumb/v7e-m/nofp/libc_nano.a(libc_a-reent.o)
 .ARM.attributes
                0x000000000000076f       0x2e /Applications/STM32CubeIDE.app/Contents/Eclipse/plugins/com.st.stm32cube.ide.mcu.externaltools.gnu-tools-for-stm32.11.3.rel1.macos64_1.1.0.202305231506/tools/bin/../lib/gcc/arm-none-eabi/11.3.1/../../../../arm-none-eabi/lib/thumb/v7e-m/nofp/libc_nano.a(libc_a-sbrkr.o)
 .ARM.attributes
                0x000000000000079d       0x1c /Applications/STM32CubeIDE.app/Contents/Eclipse/plugins/com.st.stm32cube.ide.mcu.externaltools.gnu-tools-for-stm32.11.3.rel1.macos64_1.1.0.202305231506/tools/bin/../lib/gcc/arm-none-eabi/11.3.1/../../../../arm-none-eabi/lib/thumb/v7e-m/nofp/libc_nano.a(libc_a-memchr.o)
 .ARM.attributes
                0x00000000000007b9       0x2e /Applications/STM32CubeIDE.app/Contents/Eclipse/plugins/com.st.stm32cube.ide.mcu.externaltools.gnu-tools-for-stm32.11.3.rel1.macos64_1.1.0.202305231506/tools/bin/../lib/gcc/arm-none-eabi/11.3.1/../../../../arm-none-eabi/lib/thumb/v7e-m/nofp/libc_nano.a(libc_a-memcpy-stub.o)
 .ARM.attributes
                0x00000000000007e7       0x2e /Applications/STM32CubeIDE.app/Contents/Eclipse/plugins/com.st.stm32cube.ide.mcu.externaltools.gnu-tools-for-stm32.11.3.rel1.macos64_1.1.0.202305231506/tools/bin/../lib/gcc/arm-none-eabi/11.3.1/../../../../arm-none-eabi/lib/thumb/v7e-m/nofp/libc_nano.a(libc_a-freer.o)
 .ARM.attributes
                0x0000000000000815       0x2e /Applications/STM32CubeIDE.app/Contents/Eclipse/plugins/com.st.stm32cube.ide.mcu.externaltools.gnu-tools-for-stm32.11.3.rel1.macos64_1.1.0.202305231506/tools/bin/../lib/gcc/arm-none-eabi/11.3.1/../../../../arm-none-eabi/lib/thumb/v7e-m/nofp/libc_nano.a(libc_a-msizer.o)
 .ARM.attributes
                0x0000000000000843       0x1e /Applications/STM32CubeIDE.app/Contents/Eclipse/plugins/com.st.stm32cube.ide.mcu.externaltools.gnu-tools-for-stm32.11.3.rel1.macos64_1.1.0.202305231506/tools/bin/../lib/gcc/arm-none-eabi/11.3.1/thumb/v7e-m/nofp/libgcc.a(_aeabi_uldivmod.o)
 .ARM.attributes
                0x0000000000000861       0x2e /Applications/STM32CubeIDE.app/Contents/Eclipse/plugins/com.st.stm32cube.ide.mcu.externaltools.gnu-tools-for-stm32.11.3.rel1.macos64_1.1.0.202305231506/tools/bin/../lib/gcc/arm-none-eabi/11.3.1/thumb/v7e-m/nofp/libgcc.a(_udivmoddi4.o)
 .ARM.attributes
                0x000000000000088f       0x1e /Applications/STM32CubeIDE.app/Contents/Eclipse/plugins/com.st.stm32cube.ide.mcu.externaltools.gnu-tools-for-stm32.11.3.rel1.macos64_1.1.0.202305231506/tools/bin/../lib/gcc/arm-none-eabi/11.3.1/thumb/v7e-m/nofp/libgcc.a(_dvmd_tls.o)
 .ARM.attributes
                0x00000000000008ad       0x1e /Applications/STM32CubeIDE.app/Contents/Eclipse/plugins/com.st.stm32cube.ide.mcu.externaltools.gnu-tools-for-stm32.11.3.rel1.macos64_1.1.0.202305231506/tools/bin/../lib/gcc/arm-none-eabi/11.3.1/thumb/v7e-m/nofp/crtn.o
OUTPUT(Ssoc1_PHI_MCU.elf elf32-littlearm)
LOAD linker stubs
LOAD /Applications/STM32CubeIDE.app/Contents/Eclipse/plugins/com.st.stm32cube.ide.mcu.externaltools.gnu-tools-for-stm32.11.3.rel1.macos64_1.1.0.202305231506/tools/bin/../lib/gcc/arm-none-eabi/11.3.1/../../../../arm-none-eabi/lib/thumb/v7e-m/nofp/libc.a
LOAD /Applications/STM32CubeIDE.app/Contents/Eclipse/plugins/com.st.stm32cube.ide.mcu.externaltools.gnu-tools-for-stm32.11.3.rel1.macos64_1.1.0.202305231506/tools/bin/../lib/gcc/arm-none-eabi/11.3.1/../../../../arm-none-eabi/lib/thumb/v7e-m/nofp/libm.a
LOAD /Applications/STM32CubeIDE.app/Contents/Eclipse/plugins/com.st.stm32cube.ide.mcu.externaltools.gnu-tools-for-stm32.11.3.rel1.macos64_1.1.0.202305231506/tools/bin/../lib/gcc/arm-none-eabi/11.3.1/thumb/v7e-m/nofp/libgcc.a

.comment        0x0000000000000000       0x43
 .comment       0x0000000000000000       0x43 /Applications/STM32CubeIDE.app/Contents/Eclipse/plugins/com.st.stm32cube.ide.mcu.externaltools.gnu-tools-for-stm32.11.3.rel1.macos64_1.1.0.202305231506/tools/bin/../lib/gcc/arm-none-eabi/11.3.1/thumb/v7e-m/nofp/crtbegin.o
                                         0x44 (size before relaxing)
 .comment       0x0000000000000043       0x44 ./Core/Src/adc.o
 .comment       0x0000000000000043       0x44 ./Core/Src/com_debug.o
 .comment       0x0000000000000043       0x44 ./Core/Src/main.o
 .comment       0x0000000000000043       0x44 ./Core/Src/obc_interface.o
 .comment       0x0000000000000043       0x44 ./Core/Src/rtc.o
 .comment       0x0000000000000043       0x44 ./Core/Src/s_flash_mem.o
 .comment       0x0000000000000043       0x44 ./Core/Src/stm32wlxx_hal_msp.o
 .comment       0x0000000000000043       0x44 ./Core/Src/stm32wlxx_it.o
 .comment       0x0000000000000043       0x44 ./Core/Src/sysmem.o
 .comment       0x0000000000000043       0x44 ./Core/Src/system_stm32wlxx.o
 .comment       0x0000000000000043       0x44 ./Drivers/STM32WLxx_HAL_Driver/Src/stm32wlxx_hal.o
 .comment       0x0000000000000043       0x44 ./Drivers/STM32WLxx_HAL_Driver/Src/stm32wlxx_hal_adc.o
 .comment       0x0000000000000043       0x44 ./Drivers/STM32WLxx_HAL_Driver/Src/stm32wlxx_hal_cortex.o
 .comment       0x0000000000000043       0x44 ./Drivers/STM32WLxx_HAL_Driver/Src/stm32wlxx_hal_dma.o
 .comment       0x0000000000000043       0x44 ./Drivers/STM32WLxx_HAL_Driver/Src/stm32wlxx_hal_gpio.o
 .comment       0x0000000000000043       0x44 ./Drivers/STM32WLxx_HAL_Driver/Src/stm32wlxx_hal_pwr.o
 .comment       0x0000000000000043       0x44 ./Drivers/STM32WLxx_HAL_Driver/Src/stm32wlxx_hal_pwr_ex.o
 .comment       0x0000000000000043       0x44 ./Drivers/STM32WLxx_HAL_Driver/Src/stm32wlxx_hal_rcc.o
 .comment       0x0000000000000043       0x44 ./Drivers/STM32WLxx_HAL_Driver/Src/stm32wlxx_hal_rcc_ex.o
 .comment       0x0000000000000043       0x44 ./Drivers/STM32WLxx_HAL_Driver/Src/stm32wlxx_hal_rtc.o
 .comment       0x0000000000000043       0x44 ./Drivers/STM32WLxx_HAL_Driver/Src/stm32wlxx_hal_spi.o
 .comment       0x0000000000000043       0x44 ./Drivers/STM32WLxx_HAL_Driver/Src/stm32wlxx_hal_tim.o
 .comment       0x0000000000000043       0x44 ./Drivers/STM32WLxx_HAL_Driver/Src/stm32wlxx_hal_tim_ex.o
 .comment       0x0000000000000043       0x44 ./Drivers/STM32WLxx_HAL_Driver/Src/stm32wlxx_hal_uart.o
 .comment       0x0000000000000043       0x44 ./Drivers/STM32WLxx_HAL_Driver/Src/stm32wlxx_hal_uart_ex.o

.debug_info     0x0000000000000000    0x1c72c
 .debug_info    0x0000000000000000      0x50c ./Core/Src/adc.o
 .debug_info    0x000000000000050c      0xceb ./Core/Src/com_debug.o
 .debug_info    0x00000000000011f7     0x25e1 ./Core/Src/main.o
 .debug_info    0x00000000000037d8      0x953 ./Core/Src/obc_interface.o
 .debug_info    0x000000000000412b      0x602 ./Core/Src/rtc.o
 .debug_info    0x000000000000472d      0xbe6 ./Core/Src/s_flash_mem.o
 .debug_info    0x0000000000005313     0x1ea1 ./Core/Src/stm32wlxx_hal_msp.o
 .debug_info    0x00000000000071b4      0x875 ./Core/Src/stm32wlxx_it.o
 .debug_info    0x0000000000007a29      0x168 ./Core/Src/sysmem.o
 .debug_info    0x0000000000007b91      0x515 ./Core/Src/system_stm32wlxx.o
 .debug_info    0x00000000000080a6       0x23 ./Core/Startup/startup_stm32wl55jcix.o
 .debug_info    0x00000000000080c9     0x1165 ./Drivers/STM32WLxx_HAL_Driver/Src/stm32wlxx_hal.o
 .debug_info    0x000000000000922e     0x16af ./Drivers/STM32WLxx_HAL_Driver/Src/stm32wlxx_hal_adc.o
 .debug_info    0x000000000000a8dd      0xced ./Drivers/STM32WLxx_HAL_Driver/Src/stm32wlxx_hal_cortex.o
 .debug_info    0x000000000000b5ca      0x91a ./Drivers/STM32WLxx_HAL_Driver/Src/stm32wlxx_hal_dma.o
 .debug_info    0x000000000000bee4      0x708 ./Drivers/STM32WLxx_HAL_Driver/Src/stm32wlxx_hal_gpio.o
 .debug_info    0x000000000000c5ec      0x8e8 ./Drivers/STM32WLxx_HAL_Driver/Src/stm32wlxx_hal_pwr.o
 .debug_info    0x000000000000ced4      0xde7 ./Drivers/STM32WLxx_HAL_Driver/Src/stm32wlxx_hal_pwr_ex.o
 .debug_info    0x000000000000dcbb     0x13f9 ./Drivers/STM32WLxx_HAL_Driver/Src/stm32wlxx_hal_rcc.o
 .debug_info    0x000000000000f0b4      0xf21 ./Drivers/STM32WLxx_HAL_Driver/Src/stm32wlxx_hal_rcc_ex.o
 .debug_info    0x000000000000ffd5      0xee1 ./Drivers/STM32WLxx_HAL_Driver/Src/stm32wlxx_hal_rtc.o
 .debug_info    0x0000000000010eb6     0x1938 ./Drivers/STM32WLxx_HAL_Driver/Src/stm32wlxx_hal_spi.o
 .debug_info    0x00000000000127ee     0x2be1 ./Drivers/STM32WLxx_HAL_Driver/Src/stm32wlxx_hal_tim.o
 .debug_info    0x00000000000153cf     0x18e0 ./Drivers/STM32WLxx_HAL_Driver/Src/stm32wlxx_hal_tim_ex.o
 .debug_info    0x0000000000016caf     0x4a83 ./Drivers/STM32WLxx_HAL_Driver/Src/stm32wlxx_hal_uart.o
 .debug_info    0x000000000001b732      0xffa ./Drivers/STM32WLxx_HAL_Driver/Src/stm32wlxx_hal_uart_ex.o

.debug_abbrev   0x0000000000000000     0x3ac9
 .debug_abbrev  0x0000000000000000      0x194 ./Core/Src/adc.o
 .debug_abbrev  0x0000000000000194      0x214 ./Core/Src/com_debug.o
 .debug_abbrev  0x00000000000003a8      0x374 ./Core/Src/main.o
 .debug_abbrev  0x000000000000071c      0x1d0 ./Core/Src/obc_interface.o
 .debug_abbrev  0x00000000000008ec      0x1aa ./Core/Src/rtc.o
 .debug_abbrev  0x0000000000000a96      0x1f8 ./Core/Src/s_flash_mem.o
 .debug_abbrev  0x0000000000000c8e      0x26c ./Core/Src/stm32wlxx_hal_msp.o
 .debug_abbrev  0x0000000000000efa      0x193 ./Core/Src/stm32wlxx_it.o
 .debug_abbrev  0x000000000000108d       0xbc ./Core/Src/sysmem.o
 .debug_abbrev  0x0000000000001149      0x13e ./Core/Src/system_stm32wlxx.o
 .debug_abbrev  0x0000000000001287       0x12 ./Core/Startup/startup_stm32wl55jcix.o
 .debug_abbrev  0x0000000000001299      0x344 ./Drivers/STM32WLxx_HAL_Driver/Src/stm32wlxx_hal.o
 .debug_abbrev  0x00000000000015dd      0x2f5 ./Drivers/STM32WLxx_HAL_Driver/Src/stm32wlxx_hal_adc.o
 .debug_abbrev  0x00000000000018d2      0x2e8 ./Drivers/STM32WLxx_HAL_Driver/Src/stm32wlxx_hal_cortex.o
 .debug_abbrev  0x0000000000001bba      0x22a ./Drivers/STM32WLxx_HAL_Driver/Src/stm32wlxx_hal_dma.o
 .debug_abbrev  0x0000000000001de4      0x1e9 ./Drivers/STM32WLxx_HAL_Driver/Src/stm32wlxx_hal_gpio.o
 .debug_abbrev  0x0000000000001fcd      0x209 ./Drivers/STM32WLxx_HAL_Driver/Src/stm32wlxx_hal_pwr.o
 .debug_abbrev  0x00000000000021d6      0x302 ./Drivers/STM32WLxx_HAL_Driver/Src/stm32wlxx_hal_pwr_ex.o
 .debug_abbrev  0x00000000000024d8      0x32d ./Drivers/STM32WLxx_HAL_Driver/Src/stm32wlxx_hal_rcc.o
 .debug_abbrev  0x0000000000002805      0x2cb ./Drivers/STM32WLxx_HAL_Driver/Src/stm32wlxx_hal_rcc_ex.o
 .debug_abbrev  0x0000000000002ad0      0x229 ./Drivers/STM32WLxx_HAL_Driver/Src/stm32wlxx_hal_rtc.o
 .debug_abbrev  0x0000000000002cf9      0x290 ./Drivers/STM32WLxx_HAL_Driver/Src/stm32wlxx_hal_spi.o
 .debug_abbrev  0x0000000000002f89      0x287 ./Drivers/STM32WLxx_HAL_Driver/Src/stm32wlxx_hal_tim.o
 .debug_abbrev  0x0000000000003210      0x295 ./Drivers/STM32WLxx_HAL_Driver/Src/stm32wlxx_hal_tim_ex.o
 .debug_abbrev  0x00000000000034a5      0x352 ./Drivers/STM32WLxx_HAL_Driver/Src/stm32wlxx_hal_uart.o
 .debug_abbrev  0x00000000000037f7      0x2d2 ./Drivers/STM32WLxx_HAL_Driver/Src/stm32wlxx_hal_uart_ex.o

.debug_aranges  0x0000000000000000     0x1c08
 .debug_aranges
                0x0000000000000000       0xa0 ./Core/Src/adc.o
 .debug_aranges
                0x00000000000000a0       0x30 ./Core/Src/com_debug.o
 .debug_aranges
                0x00000000000000d0       0x88 ./Core/Src/main.o
 .debug_aranges
                0x0000000000000158       0x30 ./Core/Src/obc_interface.o
 .debug_aranges
                0x0000000000000188       0x28 ./Core/Src/rtc.o
 .debug_aranges
                0x00000000000001b0       0x60 ./Core/Src/s_flash_mem.o
 .debug_aranges
                0x0000000000000210       0xa8 ./Core/Src/stm32wlxx_hal_msp.o
 .debug_aranges
                0x00000000000002b8       0x68 ./Core/Src/stm32wlxx_it.o
 .debug_aranges
                0x0000000000000320       0x20 ./Core/Src/sysmem.o
 .debug_aranges
                0x0000000000000340       0x28 ./Core/Src/system_stm32wlxx.o
 .debug_aranges
                0x0000000000000368       0x28 ./Core/Startup/startup_stm32wl55jcix.o
 .debug_aranges
                0x0000000000000390      0x240 ./Drivers/STM32WLxx_HAL_Driver/Src/stm32wlxx_hal.o
 .debug_aranges
                0x00000000000005d0      0x1f0 ./Drivers/STM32WLxx_HAL_Driver/Src/stm32wlxx_hal_adc.o
 .debug_aranges
                0x00000000000007c0      0x118 ./Drivers/STM32WLxx_HAL_Driver/Src/stm32wlxx_hal_cortex.o
 .debug_aranges
                0x00000000000008d8       0xa0 ./Drivers/STM32WLxx_HAL_Driver/Src/stm32wlxx_hal_dma.o
 .debug_aranges
                0x0000000000000978       0x60 ./Drivers/STM32WLxx_HAL_Driver/Src/stm32wlxx_hal_gpio.o
 .debug_aranges
                0x00000000000009d8       0xc8 ./Drivers/STM32WLxx_HAL_Driver/Src/stm32wlxx_hal_pwr.o
 .debug_aranges
                0x0000000000000aa0      0x200 ./Drivers/STM32WLxx_HAL_Driver/Src/stm32wlxx_hal_pwr_ex.o
 .debug_aranges
                0x0000000000000ca0      0x230 ./Drivers/STM32WLxx_HAL_Driver/Src/stm32wlxx_hal_rcc.o
 .debug_aranges
                0x0000000000000ed0      0x1e8 ./Drivers/STM32WLxx_HAL_Driver/Src/stm32wlxx_hal_rcc_ex.o
 .debug_aranges
                0x00000000000010b8       0xe8 ./Drivers/STM32WLxx_HAL_Driver/Src/stm32wlxx_hal_rtc.o
 .debug_aranges
                0x00000000000011a0      0x1f8 ./Drivers/STM32WLxx_HAL_Driver/Src/stm32wlxx_hal_spi.o
 .debug_aranges
                0x0000000000001398      0x3e0 ./Drivers/STM32WLxx_HAL_Driver/Src/stm32wlxx_hal_tim.o
 .debug_aranges
                0x0000000000001778      0x190 ./Drivers/STM32WLxx_HAL_Driver/Src/stm32wlxx_hal_tim_ex.o
 .debug_aranges
                0x0000000000001908      0x258 ./Drivers/STM32WLxx_HAL_Driver/Src/stm32wlxx_hal_uart.o
 .debug_aranges
                0x0000000000001b60       0xa8 ./Drivers/STM32WLxx_HAL_Driver/Src/stm32wlxx_hal_uart_ex.o

.debug_rnglists
                0x0000000000000000     0x15a6
 .debug_rnglists
                0x0000000000000000       0x75 ./Core/Src/adc.o
 .debug_rnglists
                0x0000000000000075       0x1f ./Core/Src/com_debug.o
 .debug_rnglists
                0x0000000000000094       0x6c ./Core/Src/main.o
 .debug_rnglists
                0x0000000000000100       0x21 ./Core/Src/obc_interface.o
 .debug_rnglists
                0x0000000000000121       0x1a ./Core/Src/rtc.o
 .debug_rnglists
                0x000000000000013b       0x47 ./Core/Src/s_flash_mem.o
 .debug_rnglists
                0x0000000000000182       0x7b ./Core/Src/stm32wlxx_hal_msp.o
 .debug_rnglists
                0x00000000000001fd       0x49 ./Core/Src/stm32wlxx_it.o
 .debug_rnglists
                0x0000000000000246       0x13 ./Core/Src/sysmem.o
 .debug_rnglists
                0x0000000000000259       0x1a ./Core/Src/system_stm32wlxx.o
 .debug_rnglists
                0x0000000000000273       0x19 ./Core/Startup/startup_stm32wl55jcix.o
 .debug_rnglists
                0x000000000000028c      0x1ab ./Drivers/STM32WLxx_HAL_Driver/Src/stm32wlxx_hal.o
 .debug_rnglists
                0x0000000000000437      0x17e ./Drivers/STM32WLxx_HAL_Driver/Src/stm32wlxx_hal_adc.o
 .debug_rnglists
                0x00000000000005b5       0xce ./Drivers/STM32WLxx_HAL_Driver/Src/stm32wlxx_hal_cortex.o
 .debug_rnglists
                0x0000000000000683       0x7e ./Drivers/STM32WLxx_HAL_Driver/Src/stm32wlxx_hal_dma.o
 .debug_rnglists
                0x0000000000000701       0x45 ./Drivers/STM32WLxx_HAL_Driver/Src/stm32wlxx_hal_gpio.o
 .debug_rnglists