../Drivers/STM32WLxx_HAL_Driver/Inc/stm32wlxx_ll_adc.h:3343:22:LL_ADC_REG_SetDMATransfer	16	static
../Drivers/STM32WLxx_HAL_Driver/Inc/stm32wlxx_ll_adc.h:3376:26:LL_ADC_REG_GetDMATransfer	16	static
../Drivers/STM32WLxx_HAL_Driver/Inc/stm32wlxx_ll_adc.h:4218:22:LL_ADC_EnableInternalRegulator	16	static
../Drivers/STM32WLxx_HAL_Driver/Inc/stm32wlxx_ll_adc.h:4269:22:LL_ADC_Enable	16	static
../Drivers/STM32WLxx_HAL_Driver/Inc/stm32wlxx_ll_adc.h:4308:26:LL_ADC_IsEnabled	16	static
../Drivers/STM32WLxx_HAL_Driver/Inc/stm32wlxx_ll_adc.h:4319:26:LL_ADC_IsDisableOngoing	16	static
../Drivers/STM32WLxx_HAL_Driver/Inc/stm32wlxx_ll_adc.h:4352:22:LL_ADC_StartCalibration	16	static
../Drivers/STM32WLxx_HAL_Driver/Inc/stm32wlxx_ll_adc.h:4368:26:LL_ADC_IsCalibrationOnGoing	16	static
../Drivers/STM32WLxx_HAL_Driver/Inc/stm32wlxx_ll_adc.h:4399:22:LL_ADC_REG_StartConversion	16	static
../Drivers/STM32WLxx_HAL_Driver/Inc/stm32wlxx_ll_adc.h:4435:26:LL_ADC_REG_IsConversionOngoing	16	static
../Drivers/STM32WLxx_HAL_Driver/Inc/stm32wlxx_ll_adc.h:4475:26:LL_ADC_REG_ReadConversionData12	16	static
../Drivers/STM32WLxx_HAL_Driver/Inc/stm32wlxx_ll_adc.h:4542:26:LL_ADC_IsActiveFlag_ADRDY	16	static
../Drivers/STM32WLxx_HAL_Driver/Inc/stm32wlxx_ll_adc.h:4580:26:LL_ADC_IsActiveFlag_EOC	16	static
../Drivers/STM32WLxx_HAL_Driver/Inc/stm32wlxx_ll_adc.h:4693:22:LL_ADC_ClearFlag_EOC	16	static
../Core/Src/adc.c:17:6:Activate_ADC	16	static
../Core/Src/adc.c:129:6:ConversionStartPoll_ADC_GrpRegular	8	static
../Core/Src/adc.c:166:10:ReadTemperature	8	static
